Archive member included to satisfy reference by file (symbol)

/Users/spinal/devkitPro/libctru/lib/libctru.a(gfx.o)
                              Display.o (gfxSetScreenFormat)
/Users/spinal/devkitPro/libctru/lib/libctru.a(srv.o)
                              main.o (srvExit)
/Users/spinal/devkitPro/libctru/lib/libctru.a(apt.o)
                              main.o (aptInit)
/Users/spinal/devkitPro/libctru/lib/libctru.a(fs.o)
                              main.o (fsInit)
/Users/spinal/devkitPro/libctru/lib/libctru.a(gsp.o)
                              /Users/spinal/devkitPro/libctru/lib/libctru.a(gfx.o) (gspInit)
/Users/spinal/devkitPro/libctru/lib/libctru.a(gx.o)
                              /Users/spinal/devkitPro/libctru/lib/libctru.a(gfx.o) (gxCmdBuf)
/Users/spinal/devkitPro/libctru/lib/libctru.a(hid.o)
                              main.o (hidExit)
/Users/spinal/devkitPro/libctru/lib/libctru.a(irrst.o)
                              /Users/spinal/devkitPro/libctru/lib/libctru.a(hid.o) (irrstScanInput)
/Users/spinal/devkitPro/libctru/lib/libctru.a(initArgv.o)
                              /Users/spinal/devkitPro/devkitARM/bin/../lib/gcc/arm-none-eabi/4.9.2/../../../../arm-none-eabi/lib/armv6k/fpu/3dsx_crt0.o (__system_argc)
/Users/spinal/devkitPro/libctru/lib/libctru.a(initSystem.o)
                              /Users/spinal/devkitPro/libctru/lib/libctru.a(apt.o) (__system_retAddr)
/Users/spinal/devkitPro/libctru/lib/libctru.a(svc.o)
                              /Users/spinal/devkitPro/libctru/lib/libctru.a(apt.o) (svcCreateThread)
/Users/spinal/devkitPro/libctru/lib/libctru.a(stack_adjust.o)
                              /Users/spinal/devkitPro/devkitARM/bin/../lib/gcc/arm-none-eabi/4.9.2/../../../../arm-none-eabi/lib/armv6k/fpu/3dsx_crt0.o (initSystem)
/Users/spinal/devkitPro/libctru/lib/libctru.a(linear.o)
                              /Users/spinal/devkitPro/libctru/lib/libctru.a(gfx.o) (linearAlloc)
/Users/spinal/devkitPro/libctru/lib/libctru.a(mem_pool.o)
                              /Users/spinal/devkitPro/libctru/lib/libctru.a(linear.o) (MemPool::Allocate(MemChunk&, unsigned long, int))
/Users/spinal/devkitPro/libctru/lib/libctru.a(vram.o)
                              /Users/spinal/devkitPro/libctru/lib/libctru.a(gfx.o) (vramAlloc)
/Users/spinal/devkitPro/libctru/lib/libctru.a(os.o)
                              /Users/spinal/devkitPro/libctru/lib/libctru.a(initSystem.o) (__libctru_gtod)
/Users/spinal/devkitPro/libctru/lib/libctru.a(rbtree_find.o)
                              /Users/spinal/devkitPro/libctru/lib/libctru.a(linear.o) (rbtree_find)
/Users/spinal/devkitPro/libctru/lib/libctru.a(rbtree_init.o)
                              /Users/spinal/devkitPro/libctru/lib/libctru.a(linear.o) (rbtree_init)
/Users/spinal/devkitPro/libctru/lib/libctru.a(rbtree_insert.o)
                              /Users/spinal/devkitPro/libctru/lib/libctru.a(linear.o) (rbtree_insert)
/Users/spinal/devkitPro/libctru/lib/libctru.a(rbtree_remove.o)
                              /Users/spinal/devkitPro/libctru/lib/libctru.a(linear.o) (rbtree_remove)
/Users/spinal/devkitPro/libctru/lib/libctru.a(rbtree_rotate.o)
                              /Users/spinal/devkitPro/libctru/lib/libctru.a(rbtree_insert.o) (rbtree_rotate)
/Users/spinal/devkitPro/libctru/lib/libctru.a(allocateHeaps.o)
                              /Users/spinal/devkitPro/libctru/lib/libctru.a(initSystem.o) (__system_allocateHeaps)
/Users/spinal/devkitPro/libctru/lib/libctru.a(appExit.o)
                              /Users/spinal/devkitPro/libctru/lib/libctru.a(stack_adjust.o) (__appExit)
/Users/spinal/devkitPro/libctru/lib/libctru.a(appInit.o)
                              /Users/spinal/devkitPro/libctru/lib/libctru.a(stack_adjust.o) (__appInit)
/Users/spinal/devkitPro/libctru/lib/libctru.a(ctru_exit.o)
                              /Users/spinal/devkitPro/libctru/lib/libctru.a(stack_adjust.o) (__libctru_exit)
/Users/spinal/devkitPro/libctru/lib/libctru.a(sdmc_dev.o)
                              /Users/spinal/devkitPro/libctru/lib/libctru.a(appInit.o) (sdmcInit)
/Users/spinal/devkitPro/libctru/lib/libctru.a(rbtree_iterator.o)
                              /Users/spinal/devkitPro/libctru/lib/libctru.a(rbtree_remove.o) (rbtree_node_next)
/Users/spinal/devkitPro/libctru/lib/libctru.a(decode_utf8.o)
                              /Users/spinal/devkitPro/libctru/lib/libctru.a(sdmc_dev.o) (decode_utf8)
/Users/spinal/devkitPro/libctru/lib/libctru.a(utf16_to_utf8.o)
                              /Users/spinal/devkitPro/libctru/lib/libctru.a(sdmc_dev.o) (utf16_to_utf8)
/Users/spinal/devkitPro/libctru/lib/libctru.a(utf8_to_utf16.o)
                              /Users/spinal/devkitPro/libctru/lib/libctru.a(sdmc_dev.o) (utf8_to_utf16)
/Users/spinal/devkitPro/libctru/lib/libctru.a(decode_utf16.o)
                              /Users/spinal/devkitPro/libctru/lib/libctru.a(utf16_to_utf8.o) (decode_utf16)
[...]
Memory Configuration

Name             Origin             Length             Attributes
*default*        0x00000000         0xffffffff

Linker script and memory map

                0x00100000                . = 0x100000
                0x00100000                __start__ = .

.text           0x00100000    0x64690
 *(.crt0)
 .crt0          0x00100000       0x94 /Users/spinal/devkitPro/devkitARM/bin/../lib/gcc/arm-none-eabi/4.9.2/../../../../arm-none-eabi/lib/armv6k/fpu/3dsx_crt0.o
                0x00100000                _start
                0x00100008                __service_ptr
                0x0010000c                __apt_appid
                0x00100010                __heap_size
                0x00100014                __linear_heap_size
                0x00100018                __system_arglist
                0x0010001c                __system_runflags
 *(.init)
 .init          0x00100094        0xc /Users/spinal/devkitPro/devkitARM/bin/../lib/gcc/arm-none-eabi/4.9.2/armv6k/fpu/crti.o
                0x00100094                _init
 .init          0x001000a0        0xc /Users/spinal/devkitPro/devkitARM/bin/../lib/gcc/arm-none-eabi/4.9.2/armv6k/fpu/crtn.o
                0x001000ac                . = ALIGN (0x4)
 *(.text)
 .text          0x001000ac        0x0 /Users/spinal/devkitPro/devkitARM/bin/../lib/gcc/arm-none-eabi/4.9.2/../../../../arm-none-eabi/lib/armv6k/fpu/3dsx_crt0.o
 .text          0x001000ac        0x0 /Users/spinal/devkitPro/devkitARM/bin/../lib/gcc/arm-none-eabi/4.9.2/armv6k/fpu/crti.o
 .text          0x001000ac      0x108 /Users/spinal/devkitPro/devkitARM/bin/../lib/gcc/arm-none-eabi/4.9.2/armv6k/fpu/crtbegin.o
 .text          0x001001b4        0x0 1541.ROM.bin.o
 .text          0x001001b4        0x0 BASIC.ROM.bin.o
 .text          0x001001b4        0x0 C64_Keyboard.bin.o
 .text          0x001001b4        0x0 CHAR.ROM.bin.o
 .text          0x001001b4        0x0 KERNAL.ROM.bin.o
 .text          0x001001b4        0x0 myfont.bin.o
 .text          0x001001b4        0x0 myfont1.bin.o
 .text          0x001001b4     0x3198 1541d64.o
                0x00100524                ImageDrive::buffer_pointer_cmd(int, int)
                0x00100840                ImageDrive::mem_write_cmd(unsigned short, unsigned char, unsigned char*)
                0x00100a44                ImageDrive::mem_read_cmd(unsigned short, unsigned char)
                0x00100b00                ImageDrive::open_file_ts(int, int, int)
                0x00100b80                ImageDrive::close_all_channels()
                0x00100be0                ImageDrive::alloc_buffer(int)
                0x00100c20                ImageDrive::open_direct(int, unsigned char const*)
                0x00100cd4                ImageDrive::free_buffer(int)
                0x00100ce8                ImageDrive::is_block_free(int, int)
                0x00100d1c                ImageDrive::num_free_blocks(int)
                0x00100d28                ImageDrive::alloc_block(int, int)
                0x00100dcc                ImageDrive::block_allocate_cmd(int, int)
                0x00100ea4                ImageDrive::free_block(int, int)
                0x00100f48                ImageDrive::block_free_cmd(int, int)
                0x00100f78                ImageDrive::alloc_next_block(int&, int&, int)
                0x00101160                sectors_per_track(image_file_desc const&, int)
                0x00101170                error_info_for_sector(image_file_desc&, int, int)
                0x00101190                ImageDrive::read_sector(int, int, unsigned char*)
                0x001011e8                ImageDrive::open_directory(unsigned char const*, int)
                0x001015e4                ImageDrive::Read(int, unsigned char&)
                0x001017a4                ImageDrive::find_file(unsigned char const*, int, int&, int&, int&, bool)
                0x00101898                ImageDrive::find_first_file(unsigned char const*, int, int&, int&, int&)
                0x001018c4                ImageDrive::find_next_file(unsigned char const*, int, int&, int&, int&)
                0x001018f0                ImageDrive::alloc_block_chain(int, int)
                0x00101950                ImageDrive::free_block_chain(int, int)
                0x001019b0                ImageDrive::block_read_cmd(int, int, int, bool)
                0x00101a30                ImageDrive::new_cmd(unsigned char const*, int, unsigned char const*)
                0x00101af4                ImageDrive::write_sector(int, int, unsigned char*)
                0x00101b4c                ImageDrive::close_image()
                0x00101ba4                ImageDrive::~ImageDrive()
                0x00101ba4                ImageDrive::~ImageDrive()
                0x00101bc4                ImageDrive::~ImageDrive()
                0x00101bec                ImageDrive::change_image(char const*)
                0x00101c94                ImageDrive::Close(int)
                0x00101e88                ImageDrive::Write(int, unsigned char, bool)
                0x00102088                ImageDrive::Reset()
                0x00102118                ImageDrive::ImageDrive(IEC*, char const*)
                0x00102118                ImageDrive::ImageDrive(IEC*, char const*)
                0x0010219c                ImageDrive::alloc_dir_entry(int&, int&, int&)
                0x001022e4                ImageDrive::create_file(int, unsigned char const*, int, int, bool)
                0x001024a8                ImageDrive::open_file(int, unsigned char const*, int)
                0x0010283c                ImageDrive::Open(int, unsigned char const*, int)
                0x00102908                ImageDrive::copy_cmd(unsigned char const*, int, unsigned char const*, int)
                0x00102af0                ImageDrive::block_write_cmd(int, int, int, bool)
                0x00102bd4                ImageDrive::rename_cmd(unsigned char const*, int, unsigned char const*, int)
                0x00102cdc                ImageDrive::scratch_cmd(unsigned char const*, int)
                0x00102ea8                ImageDrive::initialize_cmd()
                0x00102ef4                ImageDrive::validate_cmd()
                0x00103020                IsImageFile(char const*, unsigned char const*, long)
                0x00103080                CreateImageFile(char const*)
                0x00103134                ReadImageDirectory(char const*, std::vector<c64_dir_entry, std::allocator<c64_dir_entry> >&)
 .text          0x0010334c      0x9cc 1541job.o
                0x0010334c                Job1541::~Job1541()
                0x0010334c                Job1541::~Job1541()
                0x00103384                Job1541::close_d64_file()
                0x001033ac                Job1541::read_sector(int, int, unsigned char*)
                0x00103430                Job1541::write_sector(int, int, unsigned char*)
                0x001034b4                Job1541::secnum_from_ts(int, int)
                0x001034cc                Job1541::offset_from_ts(int, int)
                0x00103514                Job1541::gcr_conv4(unsigned char*, unsigned char*)
                0x001035fc                Job1541::sector2gcr(int, int)
                0x0010379c                Job1541::WriteSector()
                0x001037f4                Job1541::FormatTrack()
                0x001038ac                Job1541::disk2gcr()
                0x001038fc                Job1541::open_d64_file(char*)
                0x00103aac                Job1541::Job1541(unsigned char*)
                0x00103aac                Job1541::Job1541(unsigned char*)
                0x00103b18                Job1541::NewPrefs(Prefs*)
                0x00103bac                Job1541::MoveHeadOut()
                0x00103c18                Job1541::MoveHeadIn()
                0x00103c84                Job1541::GetState(Job1541State*)
                0x00103cb4                Job1541::SetState(Job1541State*)
 .text          0x00103d18     0x14c0 1541t64.o
                0x00103d18                ArchDrive::initialize_cmd()
                0x00103d50                ArchDrive::validate_cmd()
                0x001043b4                ArchDrive::Reset()
                0x001043fc                ArchDrive::Read(int, unsigned char&)
                0x001044a0                ArchDrive::Write(int, unsigned char, bool)
                0x00104530                ArchDrive::Close(int)
                0x00104598                ArchDrive::~ArchDrive()
                0x00104598                ArchDrive::~ArchDrive()
                0x00104620                ArchDrive::~ArchDrive()
                0x0010463c                ArchDrive::change_arch(char const*)
                0x001047c8                ArchDrive::ArchDrive(IEC*, char const*)
                0x001047c8                ArchDrive::ArchDrive(IEC*, char const*)
                0x00104844                ArchDrive::find_first_file(unsigned char const*, int, int&)
                0x001048f8                ArchDrive::open_file(int, unsigned char const*, int)
                0x00104b4c                ArchDrive::rename_cmd(unsigned char const*, int, unsigned char const*, int)
                0x00104bc0                ArchDrive::open_directory(int, unsigned char const*, int)
                0x00104f7c                ArchDrive::Open(int, unsigned char const*, int)
                0x0010504c                ArchDrive::close_all_channels()
                0x00105084                IsArchFile(char const*, unsigned char const*, long)
                0x001050ec                ReadArchDirectory(char const*, c64_dir_entry**)
 .text          0x001051d8     0x1dd4 C64.o
                0x001051d8                C64::C64()
                0x001051d8                C64::C64()
                0x00105458                C64::~C64()
                0x00105458                C64::~C64()
                0x0010558c                C64::Reset()
                0x001055c8                C64::NMI()
                0x001055d0                C64::PatchKernal(bool, bool)
                0x00105824                C64::NewPrefs(Prefs*)
                0x00105914                C64::SaveRAM(char*)
                0x0010599c                C64::SaveCPUState(__sFILE*)
                0x00105a2c                C64::LoadCPUState(__sFILE*)
                0x00105abc                C64::Save1541State(__sFILE*)
                0x00105b3c                C64::Load1541State(__sFILE*)
                0x00105bb4                C64::SaveVICState(__sFILE*)
                0x00105bf4                C64::LoadVICState(__sFILE*)
                0x00105c44                C64::SaveSIDState(__sFILE*)
                0x00105c84                C64::LoadSIDState(__sFILE*)
                0x00105ce0                C64::SaveCIAState(__sFILE*)
                0x00105d5c                C64::LoadCIAState(__sFILE*)
                0x00105dfc                C64::Save1541JobState(__sFILE*)
                0x00105e3c                C64::Load1541JobState(__sFILE*)
                0x00105e98                C64::SaveSnapshot(char*)
                0x00105f88                C64::LoadSnapshot(char*)
                0x001061d8                GetTicks()
                0x001061e0                Pause(unsigned int)
                0x001061e4                readFileList()
                0x0010632c                usleep
                0x00106334                C64::c64_ctor1()
                0x00106338                C64::c64_ctor2()
                0x0010633c                C64::c64_dtor()
                0x00106340                poll_input()
                0x00106344                kbd_buf_feed(char*)
                0x00106368                kbd_buf_update(C64*)
                0x001063b4                load_prg(C64*, unsigned char*, int)
                0x00106400                C64::open_close_joysticks(int, int, int, int)
                0x00106404                C64::poll_joystick(int)
                0x00106b08                C64::VBlank(bool)
                0x00106bc0                C64::thread_func()
                0x00106f10                C64::Run()
                0x00106f84                C64::Pause()
                0x00106f98                C64::Resume()
 .text          0x00106fac      0xe58 CIA.o
                0x00106fac                MOS6526_1::TriggerInterrupt(int)
                0x00106fe4                MOS6526_2::TriggerInterrupt(int)
                0x00107028                MOS6526::MOS6526(MOS6510*)
                0x00107028                MOS6526::MOS6526(MOS6510*)
                0x0010703c                MOS6526_1::MOS6526_1(MOS6510*, MOS6569*)
                0x0010703c                MOS6526_1::MOS6526_1(MOS6510*, MOS6569*)
                0x00107054                MOS6526_2::MOS6526_2(MOS6510*, MOS6569*, MOS6502_1541*)
                0x00107054                MOS6526_2::MOS6526_2(MOS6510*, MOS6569*, MOS6502_1541*)
                0x00107074                MOS6526::Reset()
                0x001070ec                MOS6526_1::Reset()
                0x0010719c                MOS6526_2::Reset()
                0x0010722c                MOS6526::GetState(MOS6526State*)
                0x001072f0                MOS6526::SetState(MOS6526State*)
                0x001073f0                MOS6526_1::ReadRegister(unsigned short)
                0x00107620                MOS6526_2::ReadRegister(unsigned short)
                0x00107754                MOS6526_1::WriteRegister(unsigned short, unsigned char)
                0x00107a00                MOS6526_2::WriteRegister(unsigned short, unsigned char)
                0x00107cdc                MOS6526::CountTOD()
 .text          0x00107e04     0x54b4 CPU1541.o
                0x00107e04                MOS6502_1541::MOS6502_1541(C64*, Job1541*, C64Display*, unsigned char*, unsigned char*)
                0x00107e04                MOS6502_1541::MOS6502_1541(C64*, Job1541*, C64Display*, unsigned char*, unsigned char*)
                0x00107e8c                MOS6502_1541::AsyncReset()
                0x00107ea0                MOS6502_1541::read_byte(unsigned short)
                0x00108204                MOS6502_1541::write_byte_io(unsigned short, unsigned char)
                0x00108548                MOS6502_1541::ExtReadByte(unsigned short)
                0x0010854c                MOS6502_1541::ExtWriteByte(unsigned short, unsigned char)
                0x00108574                MOS6502_1541::do_adc(unsigned char)
                0x00108664                MOS6502_1541::do_sbc(unsigned char)
                0x00108744                MOS6502_1541::GetState(MOS6502State*)
                0x001088f4                MOS6502_1541::Reset()
                0x0010897c                MOS6502_1541::jump(unsigned short)
                0x001089fc                MOS6502_1541::SetState(MOS6502State*)
                0x00108b84                MOS6502_1541::illegal_op(unsigned char, unsigned short)
                0x00108bb8                MOS6502_1541::illegal_jump(unsigned short, unsigned short)
                0x00108bec                MOS6502_1541::EmulateLine(int)
 .text          0x0010d2b8     0xc52c CPUC64.o
                0x0010d310                MOS6510::MOS6510(C64*, unsigned char*, unsigned char*, unsigned char*, unsigned char*, unsigned char*)
                0x0010d310                MOS6510::MOS6510(C64*, unsigned char*, unsigned char*, unsigned char*, unsigned char*, unsigned char*)
                0x0010d37c                MOS6510::AsyncReset()
                0x0010d388                MOS6510::AsyncNMI()
                0x0010d39c                MOS6510::new_config()
                0x0010d414                MOS6510::read_byte(unsigned short)
                0x0010d628                MOS6510::read_emulator_id(unsigned short)
                0x0010d69c                MOS6510::write_byte_io(unsigned short, unsigned char)
                0x0010d798                MOS6510::ExtReadByte(unsigned short)
                0x0010da00                MOS6510::ExtWriteByte(unsigned short, unsigned char)
                0x0010da9c                MOS6510::REUReadByte(unsigned short)
                0x0010dcb0                MOS6510::REUWriteByte(unsigned short, unsigned char)
                0x0010dce0                MOS6510::do_adc(unsigned char)
                0x0010ddd0                MOS6510::do_sbc(unsigned char)
                0x0010deb0                MOS6510::GetState(MOS6510State*)
                0x0010dfb0                MOS6510::illegal_jump(unsigned short, unsigned short)
                0x0010dfec                MOS6510::SetState(MOS6510State*)
                0x0010e1a0                MOS6510::Reset()
                0x0010e478                MOS6510::illegal_op(unsigned char, unsigned short)
                0x0010e4b4                MOS6510::EmulateLine(int)
 .text          0x001197e4        0x0 CPU_common.o
 .text          0x001197e4      0xf44 Display.o
                0x001198ec                C64Display::UpdateLEDs(int, int, int, int)
                0x001198f8                dotextmenu()
                0x00119900                C64Display::C64Display(C64*)
                0x00119900                C64Display::C64Display(C64*)
                0x00119908                C64Display::~C64Display()
                0x00119908                C64Display::~C64Display()
                0x0011990c                C64Display::NewPrefs(Prefs*)
                0x00119910                vblankhandler()
                0x00119914                init_graphics()
                0x00119948                WaitForVblank()
                0x0011994c                C64Display::drawPixel(int, int, char, char, char, unsigned char*)
                0x00119978                C64Display::Update()
                0x00119b08                C64Display::mix(int, int, int)
                0x00119b24                C64Display::drawText(int, int, int, int, char*, int, int, bool)
                0x00119df0                C64Display::BufSwap()
                0x00119df4                C64Display::Speedometer(int)
                0x00119df8                C64Display::BitmapBase()
                0x00119e08                C64Display::BitmapXMod()
                0x00119e10                C64Display::KeyPress(int, unsigned char*, unsigned char*)
                0x00119e34                C64Display::KeyRelease(int, unsigned char*, unsigned char*)
                0x00119e58                C64Display::PollKeyboard(unsigned char*, unsigned char*, unsigned char*)
                0x0011a6b8                C64Display::NumLock()
                0x0011a6c0                C64Display::InitColors(unsigned char*)
                0x0011a720                ShowRequester(char*, char*, char*)
 .text          0x0011a728     0x15e0 IEC.o
                0x0011a968                IEC::~IEC()
                0x0011a968                IEC::~IEC()
                0x0011a9a0                IEC::UpdateLEDs()
                0x0011a9fc                IEC::Reset()
                0x0011aa48                IEC::OutATN(unsigned char)
                0x0011ab48                IEC::In(unsigned char&)
                0x0011ab8c                IEC::SetATN()
                0x0011ab90                IEC::RelATN()
                0x0011ab94                IEC::Turnaround()
                0x0011ab98                IEC::Release()
                0x0011ab9c                IEC::listen(int)
                0x0011abec                IEC::talk(int)
                0x0011ac3c                IEC::unlisten()
                0x0011ac4c                IEC::untalk()
                0x0011ac5c                IEC::sec_listen()
                0x0011acc4                IEC::OutSec(unsigned char)
                0x0011ad20                IEC::sec_talk()
                0x0011ad28                IEC::open_out(unsigned char, bool)
                0x0011ada8                IEC::Out(unsigned char, bool)
                0x0011ae08                IEC::data_out(unsigned char, bool)
                0x0011ae30                IEC::data_in(unsigned char&)
                0x0011ae4c                Drive::set_error(int, int, int)
                0x0011aec8                Drive::Drive(IEC*)
                0x0011aec8                Drive::Drive(IEC*)
                0x0011af00                Drive::block_read_cmd(int, int, int, bool)
                0x0011af10                Drive::block_write_cmd(int, int, int, bool)
                0x0011af20                Drive::block_execute_cmd(int, int, int)
                0x0011af30                Drive::block_allocate_cmd(int, int)
                0x0011af40                Drive::block_free_cmd(int, int)
                0x0011af50                Drive::buffer_pointer_cmd(int, int)
                0x0011af60                Drive::mem_write_cmd(unsigned short, unsigned char, unsigned char*)
                0x0011af70                Drive::mem_execute_cmd(unsigned short)
                0x0011af80                Drive::copy_cmd(unsigned char const*, int, unsigned char const*, int)
                0x0011af90                Drive::rename_cmd(unsigned char const*, int, unsigned char const*, int)
                0x0011afa0                Drive::scratch_cmd(unsigned char const*, int)
                0x0011afb0                Drive::position_cmd(unsigned char const*, int)
                0x0011afc0                Drive::initialize_cmd()
                0x0011afd0                Drive::new_cmd(unsigned char const*, int, unsigned char const*)
                0x0011afe0                Drive::validate_cmd()
                0x0011aff0                Drive::mem_read_cmd(unsigned short, unsigned char)
                0x0011b010                Drive::execute_cmd(unsigned char const*, int)
                0x0011b688                Drive::unsupp_cmd()
                0x0011b68c                ascii2petscii(char)
                0x0011b6a0                ascii2petscii(unsigned char*, char const*, int)
                0x0011b6d4                petscii2ascii(unsigned char)
                0x0011b700                Drive::parse_file_name(unsigned char const*, int, unsigned char*, int&, int&, int&, int&, bool)
                0x0011ba50                petscii2ascii(char*, unsigned char const*, int)
                0x0011ba80                IsMountableFile(char const*, int&)
                0x0011bb58                IEC::create_drive(char const*)
                0x0011bbec                IEC::IEC(C64Display*)
                0x0011bbec                IEC::IEC(C64Display*)
                0x0011bc60                IEC::NewPrefs(Prefs*)
 .text          0x0011bd08     0x11d8 Prefs.o
                0x0011bd08                Prefs::operator==(Prefs const&) const
                0x0011bf18                Prefs::operator!=(Prefs const&) const
                0x0011bf2c                Prefs::Check()
                0x0011bf70                Prefs::Load(char*)
                0x0011c7fc                Prefs::Prefs()
                0x0011c7fc                Prefs::Prefs()
                0x0011c94c                Prefs::Save(char*)
 .text          0x0011cee0      0x564 REU.o
                0x0011cee0                REU::open_close_reu(int, int)
                0x0011cf9c                REU::REU(MOS6510*)
                0x0011cf9c                REU::REU(MOS6510*)
                0x0011d00c                REU::~REU()
                0x0011d00c                REU::~REU()
                0x0011d030                REU::NewPrefs(Prefs*)
                0x0011d044                REU::Reset()
                0x0011d08c                REU::ReadRegister(unsigned short)
                0x0011d124                REU::execute_dma()
                0x0011d3ac                REU::WriteRegister(unsigned short, unsigned char)
                0x0011d424                REU::FF00Trigger()
 .text          0x0011d444     0x3d20 SAM.o
                0x0011ebc8                SAM(C64*)
 *fill*         0x00121164        0x4 
 .text          0x00121168     0x1048 SID.o
                0x00121168                DigitalRenderer::~DigitalRenderer()
                0x00121168                DigitalRenderer::~DigitalRenderer()
                0x0012116c                DigitalRenderer::EmulateLine()
                0x00121170                DigitalRenderer::Pause()
                0x00121174                DigitalRenderer::Resume()
                0x00121178                DigitalRenderer::Reset()
                0x00121238                DigitalRenderer::~DigitalRenderer()
                0x0012124c                MOS6581::Reset()
                0x00121288                MOS6581::PauseSound()
                0x001212b0                MOS6581::ResumeSound()
                0x001212d8                MOS6581::GetState(MOS6581State*)
                0x001213bc                MOS6581::SetState(MOS6581State*)
                0x001214cc                DigitalRenderer::DigitalRenderer()
                0x001214cc                DigitalRenderer::DigitalRenderer()
                0x00121550                DigitalRenderer::calc_filter()
                0x00121900                DigitalRenderer::WriteRegister(unsigned short, unsigned char)
                0x00121bdc                DigitalRenderer::NewPrefs(Prefs*)
                0x00121be0                DigitalRenderer::calc_buffer(short*, long)
                0x00122044                DigitalRenderer::init_sound()
                0x00122050                MOS6581::open_close_renderer(int, int)
                0x001220ec                MOS6581::MOS6581(C64*)
                0x001220ec                MOS6581::MOS6581(C64*)
                0x00122134                MOS6581::~MOS6581()
                0x00122134                MOS6581::~MOS6581()
                0x00122158                MOS6581::NewPrefs(Prefs*)
 .text          0x001221b0     0x2878 VIC.o
                0x001222b8                MOS6569::MOS6569(C64*, C64Display*, MOS6510*, unsigned char*, unsigned char*, unsigned char*)
                0x001222b8                MOS6569::MOS6569(C64*, C64Display*, MOS6510*, unsigned char*, unsigned char*, unsigned char*)
                0x00122498                MOS6569::ReInitColors()
                0x00122624                MOS6569::make_mc_table()
                0x00122650                MOS6569::GetState(MOS6569State*)
                0x0012293c                MOS6569::SetState(MOS6569State*)
                0x00122cec                MOS6569::ReadRegister(unsigned short)
                0x00122ef4                MOS6569::WriteRegister(unsigned short, unsigned char)
                0x001233e8                MOS6569::ChangedVA(unsigned short)
                0x00123400                MOS6569::TriggerLightpen()
                0x0012345c                MOS6569::EmulateLine()
 .text          0x00124a28        0x0 file.o
 .text          0x00124a28      0x25c main.o
                0x00124a28                Frodo::load_rom(char const*, char const*, unsigned char*, unsigned int, unsigned char const*)
                0x00124aac                Frodo::load_rom_files()
                0x00124b80                printdbg(char*)
                0x00124b84                Frodo::Frodo()
                0x00124b84                Frodo::Frodo()
                0x00124b90                Frodo::ArgvReceived(int, char**)
                0x00124bac                Frodo::ReadyToRun()
                0x00124bf8                Frodo::reload_prefs()
                0x00124c50                IsDirectory(char const*)
 .text          0x00124c84        0xc sound9.o
                0x00124c84                SoundSystemInit(unsigned int, unsigned int, int, int)
                0x00124c88                SoundStartMixer()
                0x00124c8c                SendCommandToArm7(unsigned int)
 .text          0x00124c90      0x72c /Users/spinal/devkitPro/libctru/lib/libctru.a(gfx.o)
                0x00124d1c                gfxSet3D
                0x00124d2c                gfxSetScreenFormat
                0x00124d44                gfxGetScreenFormat
                0x00124d5c                gfxSetDoubleBuffering
                0x00124d70                gfxSetFramebufferInfo
                0x00124de0                gfxWriteFramebufferInfo
                0x00124ea4                gfxInit
                0x00125084                gfxInitDefault
                0x00125094                gfxExit
                0x00125160                gfxGetFramebuffer
                0x00125210                gfxFlushBuffers
                0x001252ec                gfxSwapBuffers
                0x00125360                gfxSwapBuffersGpu
 .text          0x001253bc      0x3b8 /Users/spinal/devkitPro/libctru/lib/libctru.a(srv.o)
                0x001253bc                __get_handle_from_list
                0x00125454                __destroy_handle_list
                0x001254a8                srvExit
                0x001254d0                srvGetSessionHandle
                0x001254dc                srvRegisterClient
                0x00125514                srvInit
                0x0012557c                srvGetServiceHandle
                0x001255fc                srvRegisterService
                0x00125658                srvUnregisterService
                0x001256a4                srvPmInit
                0x001256f8                srvRegisterProcess
                0x00125740                srvUnregisterProcess
 .text          0x00125774     0x1cf8 /Users/spinal/devkitPro/libctru/lib/libctru.a(apt.o)
                0x001257d8                _aptDebug
                0x001257dc                aptInitCaptureInfo
                0x0012588c                aptWaitStatusEvent
                0x001258b4                aptHook
                0x001258ec                aptUnhook
                0x00125918                aptGetStatus
                0x00125950                aptSetStatus
                0x001259b4                aptGetStatusPower
                0x001259ec                aptSetStatusPower
                0x00125a24                aptOpenSession
                0x00125a48                aptCloseSession
                0x00125a70                aptSignalReadyForSleep
                0x00125a80                APT_GetLockHandle
                0x00125ad0                APT_Initialize
                0x00125b38                APT_Finalize
                0x00125b74                APT_HardwareResetAsync
                0x00125ba8                APT_Enable
                0x00125be4                APT_GetAppletManInfo
                0x00125c64                aptGetMenuAppID
                0x00125ca0                APT_IsRegistered
                0x00125cf0                APT_InquireNotification
                0x00125d40                APT_PrepareToJumpToHomeMenu
                0x00125d74                APT_JumpToHomeMenu
                0x00125dc4                APT_PrepareToJumpToApplication
                0x00125e00                APT_JumpToApplication
                0x00125e50                APT_NotifyToWait
                0x00125e8c                APT_AppletUtility
                0x00125f14                aptAppletUtility_Exit_RetToApp
                0x00126034                aptAppletClosed
                0x00126170                aptInit
                0x00126328                APT_GlanceParameter
                0x0012639c                APT_ReceiveParameter
                0x00126410                APT_SendParameter
                0x00126480                APT_SendCaptureBufferInfo
                0x001264cc                aptReturnToMenu
                0x001266a0                APT_ReplySleepQuery
                0x001266e0                APT_ReplySleepNotificationComplete
                0x0012671c                aptEventHandler
                0x00126a28                APT_PrepareToCloseApplication
                0x00126a64                APT_CloseApplication
                0x00126abc                aptExit
                0x00126ca8                APT_SetAppCpuTimeLimit
                0x00126cec                APT_GetAppCpuTimeLimit
                0x00126d40                APT_CheckNew3DS_Application
                0x00126d9c                APT_CheckNew3DS_System
                0x00126df8                APT_CheckNew3DS
                0x00126e6c                APT_PrepareToDoAppJump
                0x00126eb8                APT_DoAppJump
                0x00126f20                APT_PrepareToStartLibraryApplet
                0x00126f5c                APT_StartLibraryApplet
                0x00126fbc                aptAppletStarted
                0x001270c0                aptMainLoop
                0x00127238                APT_LaunchLibraryApplet
                0x001273d0                APT_PrepareToStartSystemApplet
                0x0012740c                APT_StartSystemApplet
 .text          0x0012746c      0xc88 /Users/spinal/devkitPro/libctru/lib/libctru.a(fs.o)
                0x0012746c                FS_makePath
                0x00127498                fsExit
                0x001274bc                fsGetSessionHandle
                0x001274c8                FSUSER_Initialize
                0x0012753c                fsInit
                0x001275a8                FSUSER_OpenFile
                0x00127654                FSUSER_OpenFileDirectly
                0x00127720                FSUSER_DeleteFile
                0x001277a8                FSUSER_RenameFile
                0x0012786c                FSUSER_DeleteDirectory
                0x001278f4                FSUSER_DeleteDirectoryRecursively
                0x0012797c                FSUSER_CreateFile
                0x00127a14                FSUSER_CreateDirectory
                0x00127aa0                FSUSER_RenameDirectory
                0x00127b64                FSUSER_OpenDirectory
                0x00127bf8                FSUSER_OpenArchive
                0x00127c80                FSUSER_CloseArchive
                0x00127cd8                FSUSER_GetSdmcArchiveResource
                0x00127d54                FSUSER_GetNandArchiveResource
                0x00127dd0                FSUSER_IsSdmcDetected
                0x00127e1c                FSUSER_IsSdmcWritable
                0x00127e68                FSFILE_Close
                0x00127eac                FSFILE_Read
                0x00127f08                FSFILE_Write
                0x00127f6c                FSFILE_GetSize
                0x00127fac                FSFILE_SetSize
                0x00127fd8                FSFILE_GetAttributes
                0x00128010                FSFILE_SetAttributes
                0x00128038                FSFILE_Flush
                0x0012805c                FSDIR_Read
                0x001280b0                FSDIR_Close
 .text          0x001280f4      0x8a0 /Users/spinal/devkitPro/libctru/lib/libctru.a(gsp.o)
                0x001281d8                gspInit
                0x001281ec                gspExit
                0x00128204                gspInitEventHandler
                0x001282d0                gspExitEventHandler
                0x00128328                gspWaitForEvent
                0x00128380                GSPGPU_WriteHWRegs
                0x001283f0                GSPGPU_WriteHWRegsWithMask
                0x0012847c                GSPGPU_ReadHWRegs
                0x001284ec                GSPGPU_SetBufferSwap
                0x00128560                GSPGPU_FlushDataCache
                0x001285b4                GSPGPU_InvalidateDataCache
                0x00128608                GSPGPU_SetLcdForceBlack
                0x00128644                GSPGPU_TriggerCmdReqQueue
                0x00128678                GSPGPU_RegisterInterruptRelayQueue
                0x001286e4                GSPGPU_UnregisterInterruptRelayQueue
                0x00128718                GSPGPU_AcquireRight
                0x00128768                GSPGPU_ReleaseRight
                0x0012879c                GSPGPU_ImportDisplayCaptureInfo
                0x00128820                GSPGPU_SaveVramSysArea
                0x00128854                GSPGPU_RestoreVramSysArea
                0x00128888                GSPGPU_SubmitGxCommand
 .text          0x00128994      0x264 /Users/spinal/devkitPro/libctru/lib/libctru.a(gx.o)
                0x00128994                GX_RequestDma
                0x001289e8                GX_SetCommandList_Last
                0x00128a50                GX_SetMemoryFill
                0x00128ac4                GX_SetDisplayTransfer
                0x00128b28                GX_SetTextureCopy
                0x00128b90                GX_SetCommandList_First
 .text          0x00128bf8      0x6f4 /Users/spinal/devkitPro/libctru/lib/libctru.a(hid.o)
                0x00128bf8                hidExit
                0x00128c9c                hidWaitForEvent
                0x00128cf4                hidCheckSectionUpdateTime
                0x00128d30                hidScanInput
                0x00128f64                hidKeysHeld
                0x00128f74                hidKeysDown
                0x00128f84                hidKeysUp
                0x00128f94                hidTouchRead
                0x00128fac                hidCircleRead
                0x00128fc4                hidAccelRead
                0x00128fe4                hidGyroRead
                0x00129004                HIDUSER_GetHandles
                0x00129094                hidInit
                0x001291c8                HIDUSER_EnableAccelerometer
                0x001291f4                HIDUSER_DisableAccelerometer
                0x00129220                HIDUSER_EnableGyroscope
                0x0012924c                HIDUSER_DisableGyroscope
                0x00129278                HIDUSER_GetGyroscopeRawToDpsCoefficient
                0x001292b4                HIDUSER_GetSoundVolume
 .text          0x001292ec      0x388 /Users/spinal/devkitPro/libctru/lib/libctru.a(irrst.o)
                0x001292ec                irrstWaitForEvent
                0x00129338                irrstCheckSectionUpdateTime
                0x00129374                irrstScanInput
                0x00129428                irrstKeysHeld
                0x00129440                irrstCstickRead
                0x00129458                IRRST_GetHandles
                0x001294a8                IRRST_Initialize
                0x001294e0                irrstInit
                0x001295c4                IRRST_Shutdown
                0x001295f0                irrstExit
 .text          0x00129674       0xf4 /Users/spinal/devkitPro/libctru/lib/libctru.a(initArgv.o)
                0x00129674                __system_initArgv
 .text          0x00129768       0x4c /Users/spinal/devkitPro/libctru/lib/libctru.a(initSystem.o)
                0x00129768                __libctru_init
 *fill*         0x001297b4        0xc 
 .text          0x001297c0      0x460 /Users/spinal/devkitPro/libctru/lib/libctru.a(svc.o)
                0x001297c0                svcControlMemory
                0x001297e0                svcQueryMemory
                0x00129810                svcExitProcess
                0x00129818                svcCreateThread
                0x00129838                svcExitThread
                0x00129840                svcSleepThread
                0x00129848                svcGetThreadPriority
                0x0012985c                svcSetThreadPriority
                0x00129864                svcGetThreadAffinityMask
                0x0012986c                svcSetThreadAffinityMask
                0x00129874                svcGetThreadIdealProcessor
                0x00129888                svcSetThreadIdealProcessor
                0x00129890                svcGetProcessorID
                0x00129898                svcCreateMutex
                0x001298ac                svcReleaseMutex
                0x001298b4                svcCreateSemaphore
                0x001298c8                svcReleaseSemaphore
                0x001298dc                svcCreateEvent
                0x001298f0                svcSignalEvent
                0x001298f8                svcClearEvent
                0x00129900                svcCreateTimer
                0x00129914                svcSetTimer
                0x0012991c                svcCancelTimer
                0x00129924                svcClearTimer
                0x0012992c                svcCreateMemoryBlock
                0x00129944                svcMapMemoryBlock
                0x0012994c                svcUnmapMemoryBlock
                0x00129954                svcCreateAddressArbiter
                0x00129968                svcArbitrateAddress
                0x00129988                svcCloseHandle
                0x00129990                svcWaitSynchronization
                0x00129998                svcWaitSynchronizationN
                0x001299c0                svcDuplicateHandle
                0x001299d4                svcGetSystemTick
                0x001299dc                svcGetSystemInfo
                0x001299f4                svcGetProcessInfo
                0x00129a0c                svcGetThreadInfo
                0x00129a24                svcConnectToPort
                0x00129a38                svcSendSyncRequest
                0x00129a40                svcOpenProcess
                0x00129a54                svcOpenThread
                0x00129a68                svcGetProcessId
                0x00129a7c                svcGetProcessIdOfThread
                0x00129a90                svcGetThreadId
                0x00129aa4                svcBreak
                0x00129aac                svcOutputDebugString
                0x00129ab4                svcCreatePort
                0x00129ad4                svcAcceptSession
                0x00129aec                svcReplyAndReceive
                0x00129b04                svcInvalidateProcessDataCache
                0x00129b0c                svcFlushProcessDataCache
                0x00129b14                svcStartInterProcessDma
                0x00129b34                svcStopDma
                0x00129b3c                svcGetDmaState
                0x00129b50                svcDebugActiveProcess
                0x00129b64                svcBreakDebugProcess
                0x00129b6c                svcTerminateDebugProcess
                0x00129b74                svcGetProcessDebugEvent
                0x00129b7c                svcContinueDebugEvent
                0x00129b84                svcGetProcessList
                0x00129ba4                svcReadProcessMemory
                0x00129bac                svcWriteProcessMemory
                0x00129bb4                svcControlProcessMemory
                0x00129bcc                svcMapProcessMemory
                0x00129bd4                svcUnmapProcessMemory
                0x00129bdc                svcTerminateProcess
                0x00129be4                svcBackdoor
                0x00129bec                svcKernelSetState
                0x00129bf4                svcQueryProcessMemory
 .text          0x00129c20       0x64 /Users/spinal/devkitPro/libctru/lib/libctru.a(stack_adjust.o)
                0x00129c20                initSystem
                0x00129c64                __ctru_exit
 .text          0x00129c84      0x1d4 /Users/spinal/devkitPro/libctru/lib/libctru.a(linear.o)
                0x00129cac                linearMemAlign
                0x00129dec                linearAlloc
                0x00129df4                linearRealloc
                0x00129dfc                linearFree
                0x00129e4c                linearSpaceFree
 .text          0x00129e58      0x35c /Users/spinal/devkitPro/libctru/lib/libctru.a(mem_pool.o)
                0x00129e58                MemPool::CoalesceRight(MemBlock*)
                0x00129ef8                MemPool::Allocate(MemChunk&, unsigned long, int)
                0x0012a080                MemPool::Deallocate(MemChunk const&)
                0x0012a184                MemPool::GetFreeSpace()
 .text          0x0012a1b4      0x1c4 /Users/spinal/devkitPro/libctru/lib/libctru.a(vram.o)
                0x0012a1dc                vramMemAlign
                0x0012a30c                vramAlloc
                0x0012a314                vramRealloc
                0x0012a31c                vramFree
                0x0012a36c                vramSpaceFree
 .text          0x0012a378      0x288 /Users/spinal/devkitPro/libctru/lib/libctru.a(os.o)
                0x0012a3d0                osConvertVirtToPhys
                0x0012a41c                osConvertOldLINEARMemToNew
                0x0012a43c                __libctru_gtod
                0x0012a534                osGetTime
                0x0012a5a8                osGetFirmVersion
                0x0012a5bc                osGetKernelVersion
                0x0012a5d0                osStrError
                0x0012a5f0                osGetWifiStrength
 .text          0x0012a600       0x70 /Users/spinal/devkitPro/libctru/lib/libctru.a(rbtree_find.o)
                0x0012a600                rbtree_find
 .text          0x0012a670       0x14 /Users/spinal/devkitPro/libctru/lib/libctru.a(rbtree_init.o)
                0x0012a670                rbtree_init
 .text          0x0012a684      0x1f4 /Users/spinal/devkitPro/libctru/lib/libctru.a(rbtree_insert.o)
                0x0012a868                rbtree_insert
                0x0012a870                rbtree_insert_multi
 .text          0x0012a878      0x340 /Users/spinal/devkitPro/libctru/lib/libctru.a(rbtree_remove.o)
                0x0012a878                rbtree_remove
 .text          0x0012abb8       0xac /Users/spinal/devkitPro/libctru/lib/libctru.a(rbtree_rotate.o)
                0x0012abb8                rbtree_rotate
 .text          0x0012ac64       0xa4 /Users/spinal/devkitPro/libctru/lib/libctru.a(allocateHeaps.o)
                0x0012ac64                __system_allocateHeaps
 .text          0x0012ad08       0x1c /Users/spinal/devkitPro/libctru/lib/libctru.a(appExit.o)
                0x0012ad08                __appExit
 .text          0x0012ad24       0x20 /Users/spinal/devkitPro/libctru/lib/libctru.a(appInit.o)
                0x0012ad24                __appInit
 .text          0x0012ad44       0x90 /Users/spinal/devkitPro/libctru/lib/libctru.a(ctru_exit.o)
                0x0012ad44                __libctru_exit
 .text          0x0012add4      0xffc /Users/spinal/devkitPro/libctru/lib/libctru.a(sdmc_dev.o)
                0x0012bc50                sdmcInit
                0x0012bd80                sdmcExit
 .text          0x0012bdd0      0x118 /Users/spinal/devkitPro/libctru/lib/libctru.a(rbtree_iterator.o)
                0x0012bdd0                rbtree_node_next
                0x0012be5c                rbtree_node_prev
 .text          0x0012bee8      0x138 /Users/spinal/devkitPro/libctru/lib/libctru.a(decode_utf8.o)
                0x0012bee8                decode_utf8
 .text          0x0012c020       0xe8 /Users/spinal/devkitPro/libctru/lib/libctru.a(utf16_to_utf8.o)
                0x0012c020                utf16_to_utf8
 .text          0x0012c108       0xb8 /Users/spinal/devkitPro/libctru/lib/libctru.a(utf8_to_utf16.o)
                0x0012c108                utf8_to_utf16
 .text          0x0012c1c0       0x60 /Users/spinal/devkitPro/libctru/lib/libctru.a(decode_utf16.o)
                0x0012c1c0                decode_utf16
 .text          0x0012c220       0x68 /Users/spinal/devkitPro/libctru/lib/libctru.a(encode_utf16.o)
                0x0012c220                encode_utf16
 .text          0x0012c288      0x104 /Users/spinal/devkitPro/libctru/lib/libctru.a(encode_utf8.o)
                0x0012c288                encode_utf8
 .text          0x0012c38c        0x0 /Users/spinal/devkitPro/devkitARM/bin/../lib/gcc/arm-none-eabi/4.9.2/../../../../arm-none-eabi/lib/armv6k/fpu/libstdc++.a(del_op.o)
 .text          0x0012c38c        0x0 /Users/spinal/devkitPro/devkitARM/bin/../lib/gcc/arm-none-eabi/4.9.2/../../../../arm-none-eabi/lib/armv6k/fpu/libstdc++.a(del_opv.o)
 .text          0x0012c38c        0x0 /Users/spinal/devkitPro/devkitARM/bin/../lib/gcc/arm-none-eabi/4.9.2/../../../../arm-none-eabi/lib/armv6k/fpu/libstdc++.a(guard.o)
 .text          0x0012c38c        0x0 /Users/spinal/devkitPro/devkitARM/bin/../lib/gcc/arm-none-eabi/4.9.2/../../../../arm-none-eabi/lib/armv6k/fpu/libstdc++.a(guard_error.o)
 .text          0x0012c38c        0x0 /Users/spinal/devkitPro/devkitARM/bin/../lib/gcc/arm-none-eabi/4.9.2/../../../../arm-none-eabi/lib/armv6k/fpu/libstdc++.a(new_op.o)
 .text          0x0012c38c        0x0 /Users/spinal/devkitPro/devkitARM/bin/../lib/gcc/arm-none-eabi/4.9.2/../../../../arm-none-eabi/lib/armv6k/fpu/libstdc++.a(new_opv.o)
 .text          0x0012c38c        0x0 /Users/spinal/devkitPro/devkitARM/bin/../lib/gcc/arm-none-eabi/4.9.2/../../../../arm-none-eabi/lib/armv6k/fpu/libstdc++.a(pure.o)
 .text          0x0012c38c        0x0 /Users/spinal/devkitPro/devkitARM/bin/../lib/gcc/arm-none-eabi/4.9.2/../../../../arm-none-eabi/lib/armv6k/fpu/libstdc++.a(si_class_type_info.o)
 .text          0x0012c38c        0x0 /Users/spinal/devkitPro/devkitARM/bin/../lib/gcc/arm-none-eabi/4.9.2/../../../../arm-none-eabi/lib/armv6k/fpu/libstdc++.a(tinfo.o)
 .text          0x0012c38c        0x0 /Users/spinal/devkitPro/devkitARM/bin/../lib/gcc/arm-none-eabi/4.9.2/../../../../arm-none-eabi/lib/armv6k/fpu/libstdc++.a(bad_alloc.o)
 .text          0x0012c38c        0x0 /Users/spinal/devkitPro/devkitARM/bin/../lib/gcc/arm-none-eabi/4.9.2/../../../../arm-none-eabi/lib/armv6k/fpu/libstdc++.a(class_type_info.o)
 .text          0x0012c38c        0x0 /Users/spinal/devkitPro/devkitARM/bin/../lib/gcc/arm-none-eabi/4.9.2/../../../../arm-none-eabi/lib/armv6k/fpu/libstdc++.a(eh_alloc.o)
 .text          0x0012c38c        0x0 /Users/spinal/devkitPro/devkitARM/bin/../lib/gcc/arm-none-eabi/4.9.2/../../../../arm-none-eabi/lib/armv6k/fpu/libstdc++.a(eh_arm.o)
 .text          0x0012c38c        0x0 /Users/spinal/devkitPro/devkitARM/bin/../lib/gcc/arm-none-eabi/4.9.2/../../../../arm-none-eabi/lib/armv6k/fpu/libstdc++.a(eh_call.o)
 .text          0x0012c38c        0x0 /Users/spinal/devkitPro/devkitARM/bin/../lib/gcc/arm-none-eabi/4.9.2/../../../../arm-none-eabi/lib/armv6k/fpu/libstdc++.a(eh_catch.o)
 .text          0x0012c38c        0x0 /Users/spinal/devkitPro/devkitARM/bin/../lib/gcc/arm-none-eabi/4.9.2/../../../../arm-none-eabi/lib/armv6k/fpu/libstdc++.a(eh_exception.o)
 .text          0x0012c38c        0x0 /Users/spinal/devkitPro/devkitARM/bin/../lib/gcc/arm-none-eabi/4.9.2/../../../../arm-none-eabi/lib/armv6k/fpu/libstdc++.a(eh_globals.o)
 .text          0x0012c38c        0x0 /Users/spinal/devkitPro/devkitARM/bin/../lib/gcc/arm-none-eabi/4.9.2/../../../../arm-none-eabi/lib/armv6k/fpu/libstdc++.a(eh_personality.o)
 .text          0x0012c38c        0x0 /Users/spinal/devkitPro/devkitARM/bin/../lib/gcc/arm-none-eabi/4.9.2/../../../../arm-none-eabi/lib/armv6k/fpu/libstdc++.a(eh_terminate.o)
 .text          0x0012c38c        0x0 /Users/spinal/devkitPro/devkitARM/bin/../lib/gcc/arm-none-eabi/4.9.2/../../../../arm-none-eabi/lib/armv6k/fpu/libstdc++.a(eh_throw.o)
 .text          0x0012c38c        0x0 /Users/spinal/devkitPro/devkitARM/bin/../lib/gcc/arm-none-eabi/4.9.2/../../../../arm-none-eabi/lib/armv6k/fpu/libstdc++.a(eh_unex_handler.o)
 .text          0x0012c38c        0x0 /Users/spinal/devkitPro/devkitARM/bin/../lib/gcc/arm-none-eabi/4.9.2/../../../../arm-none-eabi/lib/armv6k/fpu/libstdc++.a(new_handler.o)
 .text          0x0012c38c        0x0 /Users/spinal/devkitPro/devkitARM/bin/../lib/gcc/arm-none-eabi/4.9.2/../../../../arm-none-eabi/lib/armv6k/fpu/libstdc++.a(eh_term_handler.o)
 .text          0x0012c38c        0x0 /Users/spinal/devkitPro/devkitARM/bin/../lib/gcc/arm-none-eabi/4.9.2/../../../../arm-none-eabi/lib/armv6k/fpu/libstdc++.a(vterminate.o)
 .text          0x0012c38c     0xd088 /Users/spinal/devkitPro/devkitARM/bin/../lib/gcc/arm-none-eabi/4.9.2/../../../../arm-none-eabi/lib/armv6k/fpu/libstdc++.a(cp-demangle.o)
                0x00139298                __cxa_demangle
                0x001393e8                __gcclibcxx_demangle_callback
 .text          0x00139414        0x0 /Users/spinal/devkitPro/devkitARM/bin/../lib/gcc/arm-none-eabi/4.9.2/../../../../arm-none-eabi/lib/armv6k/fpu/libstdc++.a(eh_type.o)
 .text          0x00139414        0x0 /Users/spinal/devkitPro/devkitARM/bin/../lib/gcc/arm-none-eabi/4.9.2/../../../../arm-none-eabi/lib/armv6k/fpu/libm.a(lib_a-s_cos.o)
 .text          0x00139414        0x0 /Users/spinal/devkitPro/devkitARM/bin/../lib/gcc/arm-none-eabi/4.9.2/../../../../arm-none-eabi/lib/armv6k/fpu/libm.a(lib_a-s_sin.o)
 .text          0x00139414        0x0 /Users/spinal/devkitPro/devkitARM/bin/../lib/gcc/arm-none-eabi/4.9.2/../../../../arm-none-eabi/lib/armv6k/fpu/libm.a(lib_a-e_rem_pio2.o)
 .text          0x00139414        0x0 /Users/spinal/devkitPro/devkitARM/bin/../lib/gcc/arm-none-eabi/4.9.2/../../../../arm-none-eabi/lib/armv6k/fpu/libm.a(lib_a-k_cos.o)
 .text          0x00139414        0x0 /Users/spinal/devkitPro/devkitARM/bin/../lib/gcc/arm-none-eabi/4.9.2/../../../../arm-none-eabi/lib/armv6k/fpu/libm.a(lib_a-k_rem_pio2.o)
 .text          0x00139414        0x0 /Users/spinal/devkitPro/devkitARM/bin/../lib/gcc/arm-none-eabi/4.9.2/../../../../arm-none-eabi/lib/armv6k/fpu/libm.a(lib_a-k_sin.o)
 .text          0x00139414        0x0 /Users/spinal/devkitPro/devkitARM/bin/../lib/gcc/arm-none-eabi/4.9.2/../../../../arm-none-eabi/lib/armv6k/fpu/libm.a(lib_a-s_fabs.o)
 .text          0x00139414        0x0 /Users/spinal/devkitPro/devkitARM/bin/../lib/gcc/arm-none-eabi/4.9.2/../../../../arm-none-eabi/lib/armv6k/fpu/libm.a(lib_a-s_floor.o)
 .text          0x00139414        0x0 /Users/spinal/devkitPro/devkitARM/bin/../lib/gcc/arm-none-eabi/4.9.2/../../../../arm-none-eabi/lib/armv6k/fpu/libm.a(lib_a-s_scalbn.o)
 .text          0x00139414        0x0 /Users/spinal/devkitPro/devkitARM/bin/../lib/gcc/arm-none-eabi/4.9.2/../../../../arm-none-eabi/lib/armv6k/fpu/libm.a(lib_a-s_copysign.o)
 .text          0x00139414      0x20c /Users/spinal/devkitPro/devkitARM/bin/../lib/gcc/arm-none-eabi/4.9.2/armv6k/fpu/libgcc.a(_udivsi3.o)
                0x00139414                __udivsi3
                0x00139414                __aeabi_uidiv
                0x00139600                __aeabi_uidivmod
 .text          0x00139620        0x4 /Users/spinal/devkitPro/devkitARM/bin/../lib/gcc/arm-none-eabi/4.9.2/armv6k/fpu/libgcc.a(_dvmd_tls.o)
                0x00139620                __aeabi_ldiv0
                0x00139620                __aeabi_idiv0
 .text          0x00139624     0x1080 /Users/spinal/devkitPro/devkitARM/bin/../lib/gcc/arm-none-eabi/4.9.2/armv6k/fpu/libgcc.a(unwind-arm.o)
                0x00139ac4                _Unwind_GetCFA
                0x00139acc                __gnu_Unwind_RaiseException
                0x00139b74                __gnu_Unwind_ForcedUnwind
                0x00139b98                __gnu_Unwind_Resume
                0x00139c0c                __gnu_Unwind_Resume_or_Rethrow
                0x00139c2c                _Unwind_Complete
                0x00139c30                _Unwind_DeleteException
                0x00139c48                _Unwind_VRS_Get
                0x00139cd0                _Unwind_VRS_Set
                0x00139d5c                __gnu_Unwind_Backtrace
                0x0013a260                __aeabi_unwind_cpp_pr0
                0x0013a268                __aeabi_unwind_cpp_pr1
                0x0013a270                __aeabi_unwind_cpp_pr2
                0x0013a278                _Unwind_VRS_Pop
 .text          0x0013a6a4      0x1a8 /Users/spinal/devkitPro/devkitARM/bin/../lib/gcc/arm-none-eabi/4.9.2/armv6k/fpu/libgcc.a(libunwind.o)
                0x0013a6a4                __restore_core_regs
                0x0013a6a4                restore_core_regs
                0x0013a6b8                __gnu_Unwind_Restore_VFP
                0x0013a6c0                __gnu_Unwind_Save_VFP
                0x0013a6c8                __gnu_Unwind_Restore_VFP_D
                0x0013a6d0                __gnu_Unwind_Save_VFP_D
                0x0013a6d8                __gnu_Unwind_Restore_VFP_D_16_to_31
                0x0013a6e0                __gnu_Unwind_Save_VFP_D_16_to_31
                0x0013a6e8                __gnu_Unwind_Restore_WMMXD
                0x0013a72c                __gnu_Unwind_Save_WMMXD
                0x0013a770                __gnu_Unwind_Restore_WMMXC
                0x0013a784                __gnu_Unwind_Save_WMMXC
                0x0013a798                _Unwind_RaiseException
                0x0013a798                ___Unwind_RaiseException
                0x0013a7bc                ___Unwind_Resume
                0x0013a7bc                _Unwind_Resume
                0x0013a7e0                ___Unwind_Resume_or_Rethrow
                0x0013a7e0                _Unwind_Resume_or_Rethrow
                0x0013a804                _Unwind_ForcedUnwind
                0x0013a804                ___Unwind_ForcedUnwind
                0x0013a828                _Unwind_Backtrace
                0x0013a828                ___Unwind_Backtrace
 .text          0x0013a84c      0x4d0 /Users/spinal/devkitPro/devkitARM/bin/../lib/gcc/arm-none-eabi/4.9.2/armv6k/fpu/libgcc.a(pr-support.o)
                0x0013a8dc                __gnu_unwind_execute
                0x0013ac9c                __gnu_unwind_frame
                0x0013ace0                _Unwind_GetRegionStart
                0x0013acf0                _Unwind_GetLanguageSpecificData
                0x0013ad0c                _Unwind_GetDataRelBase
                0x0013ad14                _Unwind_GetTextRelBase
 .text          0x0013ad1c        0x0 /Users/spinal/devkitPro/devkitARM/bin/../lib/gcc/arm-none-eabi/4.9.2/../../../../arm-none-eabi/lib/armv6k/fpu/libg.a(lib_a-abort.o)
 .text          0x0013ad1c        0x0 /Users/spinal/devkitPro/devkitARM/bin/../lib/gcc/arm-none-eabi/4.9.2/../../../../arm-none-eabi/lib/armv6k/fpu/libg.a(lib_a-atoi.o)
 .text          0x0013ad1c        0x0 /Users/spinal/devkitPro/devkitARM/bin/../lib/gcc/arm-none-eabi/4.9.2/../../../../arm-none-eabi/lib/armv6k/fpu/libg.a(lib_a-bsearch.o)
 .text          0x0013ad1c        0x0 /Users/spinal/devkitPro/devkitARM/bin/../lib/gcc/arm-none-eabi/4.9.2/../../../../arm-none-eabi/lib/armv6k/fpu/libg.a(lib_a-fclose.o)
 .text          0x0013ad1c        0x0 /Users/spinal/devkitPro/devkitARM/bin/../lib/gcc/arm-none-eabi/4.9.2/../../../../arm-none-eabi/lib/armv6k/fpu/libg.a(lib_a-fflush.o)
 .text          0x0013ad1c        0x0 /Users/spinal/devkitPro/devkitARM/bin/../lib/gcc/arm-none-eabi/4.9.2/../../../../arm-none-eabi/lib/armv6k/fpu/libg.a(lib_a-fgetc.o)
 .text          0x0013ad1c        0x0 /Users/spinal/devkitPro/devkitARM/bin/../lib/gcc/arm-none-eabi/4.9.2/../../../../arm-none-eabi/lib/armv6k/fpu/libg.a(lib_a-fgets.o)
 .text          0x0013ad1c        0x0 /Users/spinal/devkitPro/devkitARM/bin/../lib/gcc/arm-none-eabi/4.9.2/../../../../arm-none-eabi/lib/armv6k/fpu/libg.a(lib_a-findfp.o)
 .text          0x0013ad1c        0x0 /Users/spinal/devkitPro/devkitARM/bin/../lib/gcc/arm-none-eabi/4.9.2/../../../../arm-none-eabi/lib/armv6k/fpu/libg.a(lib_a-fini.o)
 .text          0x0013ad1c        0x0 /Users/spinal/devkitPro/devkitARM/bin/../lib/gcc/arm-none-eabi/4.9.2/../../../../arm-none-eabi/lib/armv6k/fpu/libg.a(lib_a-fopen.o)
 .text          0x0013ad1c        0x0 /Users/spinal/devkitPro/devkitARM/bin/../lib/gcc/arm-none-eabi/4.9.2/../../../../arm-none-eabi/lib/armv6k/fpu/libg.a(lib_a-fprintf.o)
 .text          0x0013ad1c        0x0 /Users/spinal/devkitPro/devkitARM/bin/../lib/gcc/arm-none-eabi/4.9.2/../../../../arm-none-eabi/lib/armv6k/fpu/libg.a(lib_a-fputc.o)
 .text          0x0013ad1c        0x0 /Users/spinal/devkitPro/devkitARM/bin/../lib/gcc/arm-none-eabi/4.9.2/../../../../arm-none-eabi/lib/armv6k/fpu/libg.a(lib_a-fputs.o)
 .text          0x0013ad1c        0x0 /Users/spinal/devkitPro/devkitARM/bin/../lib/gcc/arm-none-eabi/4.9.2/../../../../arm-none-eabi/lib/armv6k/fpu/libg.a(lib_a-fread.o)
 .text          0x0013ad1c        0x0 /Users/spinal/devkitPro/devkitARM/bin/../lib/gcc/arm-none-eabi/4.9.2/../../../../arm-none-eabi/lib/armv6k/fpu/libg.a(lib_a-freer.o)
 .text          0x0013ad1c        0x0 /Users/spinal/devkitPro/devkitARM/bin/../lib/gcc/arm-none-eabi/4.9.2/../../../../arm-none-eabi/lib/armv6k/fpu/libg.a(lib_a-fscanf.o)
 .text          0x0013ad1c        0x0 /Users/spinal/devkitPro/devkitARM/bin/../lib/gcc/arm-none-eabi/4.9.2/../../../../arm-none-eabi/lib/armv6k/fpu/libg.a(lib_a-fseek.o)
 .text          0x0013ad1c        0x0 /Users/spinal/devkitPro/devkitARM/bin/../lib/gcc/arm-none-eabi/4.9.2/../../../../arm-none-eabi/lib/armv6k/fpu/libg.a(lib_a-fseeko.o)
 .text          0x0013ad1c        0x0 /Users/spinal/devkitPro/devkitARM/bin/../lib/gcc/arm-none-eabi/4.9.2/../../../../arm-none-eabi/lib/armv6k/fpu/libg.a(lib_a-ftell.o)
 .text          0x0013ad1c        0x0 /Users/spinal/devkitPro/devkitARM/bin/../lib/gcc/arm-none-eabi/4.9.2/../../../../arm-none-eabi/lib/armv6k/fpu/libg.a(lib_a-ftello.o)
 .text          0x0013ad1c        0x0 /Users/spinal/devkitPro/devkitARM/bin/../lib/gcc/arm-none-eabi/4.9.2/../../../../arm-none-eabi/lib/armv6k/fpu/libg.a(lib_a-fvwrite.o)
 .text          0x0013ad1c        0x0 /Users/spinal/devkitPro/devkitARM/bin/../lib/gcc/arm-none-eabi/4.9.2/../../../../arm-none-eabi/lib/armv6k/fpu/libg.a(lib_a-fwalk.o)
 .text          0x0013ad1c        0x0 /Users/spinal/devkitPro/devkitARM/bin/../lib/gcc/arm-none-eabi/4.9.2/../../../../arm-none-eabi/lib/armv6k/fpu/libg.a(lib_a-fwrite.o)
 .text          0x0013ad1c        0x0 /Users/spinal/devkitPro/devkitARM/bin/../lib/gcc/arm-none-eabi/4.9.2/../../../../arm-none-eabi/lib/armv6k/fpu/libg.a(lib_a-impure.o)
 .text          0x0013ad1c        0x0 /Users/spinal/devkitPro/devkitARM/bin/../lib/gcc/arm-none-eabi/4.9.2/../../../../arm-none-eabi/lib/armv6k/fpu/libg.a(lib_a-init.o)
 .text          0x0013ad1c        0x0 /Users/spinal/devkitPro/devkitARM/bin/../lib/gcc/arm-none-eabi/4.9.2/../../../../arm-none-eabi/lib/armv6k/fpu/libg.a(lib_a-iprintf.o)
 .text          0x0013ad1c        0x0 /Users/spinal/devkitPro/devkitARM/bin/../lib/gcc/arm-none-eabi/4.9.2/../../../../arm-none-eabi/lib/armv6k/fpu/libg.a(lib_a-makebuf.o)
 .text          0x0013ad1c        0x0 /Users/spinal/devkitPro/devkitARM/bin/../lib/gcc/arm-none-eabi/4.9.2/../../../../arm-none-eabi/lib/armv6k/fpu/libg.a(lib_a-malloc.o)
 .text          0x0013ad1c        0x0 /Users/spinal/devkitPro/devkitARM/bin/../lib/gcc/arm-none-eabi/4.9.2/../../../../arm-none-eabi/lib/armv6k/fpu/libg.a(lib_a-mallocr.o)
 .text          0x0013ad1c        0x0 /Users/spinal/devkitPro/devkitARM/bin/../lib/gcc/arm-none-eabi/4.9.2/../../../../arm-none-eabi/lib/armv6k/fpu/libg.a(lib_a-memchr.o)
 .text          0x0013ad1c        0x0 /Users/spinal/devkitPro/devkitARM/bin/../lib/gcc/arm-none-eabi/4.9.2/../../../../arm-none-eabi/lib/armv6k/fpu/libg.a(lib_a-memcmp.o)
 .text          0x0013ad1c        0x0 /Users/spinal/devkitPro/devkitARM/bin/../lib/gcc/arm-none-eabi/4.9.2/../../../../arm-none-eabi/lib/armv6k/fpu/libg.a(lib_a-memcpy.o)
 .text          0x0013ad1c        0x0 /Users/spinal/devkitPro/devkitARM/bin/../lib/gcc/arm-none-eabi/4.9.2/../../../../arm-none-eabi/lib/armv6k/fpu/libg.a(lib_a-memmove.o)
 .text          0x0013ad1c        0x0 /Users/spinal/devkitPro/devkitARM/bin/../lib/gcc/arm-none-eabi/4.9.2/../../../../arm-none-eabi/lib/armv6k/fpu/libg.a(lib_a-memset.o)
 .text          0x0013ad1c        0x0 /Users/spinal/devkitPro/devkitARM/bin/../lib/gcc/arm-none-eabi/4.9.2/../../../../arm-none-eabi/lib/armv6k/fpu/libg.a(lib_a-mlock.o)
 .text          0x0013ad1c        0x0 /Users/spinal/devkitPro/devkitARM/bin/../lib/gcc/arm-none-eabi/4.9.2/../../../../arm-none-eabi/lib/armv6k/fpu/libg.a(lib_a-printf.o)
 .text          0x0013ad1c        0x0 /Users/spinal/devkitPro/devkitARM/bin/../lib/gcc/arm-none-eabi/4.9.2/../../../../arm-none-eabi/lib/armv6k/fpu/libg.a(lib_a-putc.o)
 .text          0x0013ad1c        0x0 /Users/spinal/devkitPro/devkitARM/bin/../lib/gcc/arm-none-eabi/4.9.2/../../../../arm-none-eabi/lib/armv6k/fpu/libg.a(lib_a-puts.o)
 .text          0x0013ad1c        0x0 /Users/spinal/devkitPro/devkitARM/bin/../lib/gcc/arm-none-eabi/4.9.2/../../../../arm-none-eabi/lib/armv6k/fpu/libg.a(lib_a-rand.o)
 .text          0x0013ad1c        0x0 /Users/spinal/devkitPro/devkitARM/bin/../lib/gcc/arm-none-eabi/4.9.2/../../../../arm-none-eabi/lib/armv6k/fpu/libg.a(lib_a-realloc.o)
 .text          0x0013ad1c        0x0 /Users/spinal/devkitPro/devkitARM/bin/../lib/gcc/arm-none-eabi/4.9.2/../../../../arm-none-eabi/lib/armv6k/fpu/libg.a(lib_a-reallocr.o)
 .text          0x0013ad1c        0x0 /Users/spinal/devkitPro/devkitARM/bin/../lib/gcc/arm-none-eabi/4.9.2/../../../../arm-none-eabi/lib/armv6k/fpu/libg.a(lib_a-refill.o)
 .text          0x0013ad1c        0x0 /Users/spinal/devkitPro/devkitARM/bin/../lib/gcc/arm-none-eabi/4.9.2/../../../../arm-none-eabi/lib/armv6k/fpu/libg.a(lib_a-remove.o)
 .text          0x0013ad1c        0x0 /Users/spinal/devkitPro/devkitARM/bin/../lib/gcc/arm-none-eabi/4.9.2/../../../../arm-none-eabi/lib/armv6k/fpu/libg.a(lib_a-rget.o)
 .text          0x0013ad1c        0x0 /Users/spinal/devkitPro/devkitARM/bin/../lib/gcc/arm-none-eabi/4.9.2/../../../../arm-none-eabi/lib/armv6k/fpu/libg.a(lib_a-signal.o)
 .text          0x0013ad1c        0x0 /Users/spinal/devkitPro/devkitARM/bin/../lib/gcc/arm-none-eabi/4.9.2/../../../../arm-none-eabi/lib/armv6k/fpu/libg.a(lib_a-sprintf.o)
 .text          0x0013ad1c        0x0 /Users/spinal/devkitPro/devkitARM/bin/../lib/gcc/arm-none-eabi/4.9.2/../../../../arm-none-eabi/lib/armv6k/fpu/libg.a(lib_a-sscanf.o)
 .text          0x0013ad1c        0x0 /Users/spinal/devkitPro/devkitARM/bin/../lib/gcc/arm-none-eabi/4.9.2/../../../../arm-none-eabi/lib/armv6k/fpu/libg.a(lib_a-stdio.o)
 .text          0x0013ad1c        0x0 /Users/spinal/devkitPro/devkitARM/bin/../lib/gcc/arm-none-eabi/4.9.2/../../../../arm-none-eabi/lib/armv6k/fpu/libg.a(lib_a-stpcpy.o)
 .text          0x0013ad1c        0x0 /Users/spinal/devkitPro/devkitARM/bin/../lib/gcc/arm-none-eabi/4.9.2/../../../../arm-none-eabi/lib/armv6k/fpu/libg.a(lib_a-strcasecmp.o)
 .text          0x0013ad1c        0x0 /Users/spinal/devkitPro/devkitARM/bin/../lib/gcc/arm-none-eabi/4.9.2/../../../../arm-none-eabi/lib/armv6k/fpu/libg.a(lib_a-strchr.o)
 *fill*         0x0013ad1c        0x4 
 .text          0x0013ad20      0x3a0 /Users/spinal/devkitPro/devkitARM/bin/../lib/gcc/arm-none-eabi/4.9.2/../../../../arm-none-eabi/lib/armv6k/fpu/libg.a(lib_a-strcmp.o)
                0x0013ad28                strcmp
 .text          0x0013b0c0        0x0 /Users/spinal/devkitPro/devkitARM/bin/../lib/gcc/arm-none-eabi/4.9.2/../../../../arm-none-eabi/lib/armv6k/fpu/libg.a(lib_a-strcpy.o)
 .text          0x0013b0c0        0x0 /Users/spinal/devkitPro/devkitARM/bin/../lib/gcc/arm-none-eabi/4.9.2/../../../../arm-none-eabi/lib/armv6k/fpu/libg.a(lib_a-strlen.o)
 .text          0x0013b0c0        0x0 /Users/spinal/devkitPro/devkitARM/bin/../lib/gcc/arm-none-eabi/4.9.2/../../../../arm-none-eabi/lib/armv6k/fpu/libg.a(lib_a-strncat.o)
 .text          0x0013b0c0        0x0 /Users/spinal/devkitPro/devkitARM/bin/../lib/gcc/arm-none-eabi/4.9.2/../../../../arm-none-eabi/lib/armv6k/fpu/libg.a(lib_a-strncmp.o)
 .text          0x0013b0c0        0x0 /Users/spinal/devkitPro/devkitARM/bin/../lib/gcc/arm-none-eabi/4.9.2/../../../../arm-none-eabi/lib/armv6k/fpu/libg.a(lib_a-strncpy.o)
 .text          0x0013b0c0        0x0 /Users/spinal/devkitPro/devkitARM/bin/../lib/gcc/arm-none-eabi/4.9.2/../../../../arm-none-eabi/lib/armv6k/fpu/libg.a(lib_a-strtol.o)
 .text          0x0013b0c0        0x0 /Users/spinal/devkitPro/devkitARM/bin/../lib/gcc/arm-none-eabi/4.9.2/../../../../arm-none-eabi/lib/armv6k/fpu/libg.a(lib_a-svfprintf.o)
 .text          0x0013b0c0        0x0 /Users/spinal/devkitPro/devkitARM/bin/../lib/gcc/arm-none-eabi/4.9.2/../../../../arm-none-eabi/lib/armv6k/fpu/libg.a(lib_a-svfscanf.o)
 .text          0x0013b0c0        0x0 /Users/spinal/devkitPro/devkitARM/bin/../lib/gcc/arm-none-eabi/4.9.2/../../../../arm-none-eabi/lib/armv6k/fpu/libg.a(lib_a-sysstat.o)
 .text          0x0013b0c0        0x0 /Users/spinal/devkitPro/devkitARM/bin/../lib/gcc/arm-none-eabi/4.9.2/../../../../arm-none-eabi/lib/armv6k/fpu/libg.a(lib_a-syswrite.o)
 .text          0x0013b0c0        0x0 /Users/spinal/devkitPro/devkitARM/bin/../lib/gcc/arm-none-eabi/4.9.2/../../../../arm-none-eabi/lib/armv6k/fpu/libg.a(lib_a-vfiprintf.o)
 .text          0x0013b0c0        0x0 /Users/spinal/devkitPro/devkitARM/bin/../lib/gcc/arm-none-eabi/4.9.2/../../../../arm-none-eabi/lib/armv6k/fpu/libg.a(lib_a-vfprintf.o)
 .text          0x0013b0c0        0x0 /Users/spinal/devkitPro/devkitARM/bin/../lib/gcc/arm-none-eabi/4.9.2/../../../../arm-none-eabi/lib/armv6k/fpu/libg.a(lib_a-vfscanf.o)
 .text          0x0013b0c0        0x0 /Users/spinal/devkitPro/devkitARM/bin/../lib/gcc/arm-none-eabi/4.9.2/../../../../arm-none-eabi/lib/armv6k/fpu/libg.a(lib_a-wbuf.o)
 .text          0x0013b0c0        0x0 /Users/spinal/devkitPro/devkitARM/bin/../lib/gcc/arm-none-eabi/4.9.2/../../../../arm-none-eabi/lib/armv6k/fpu/libg.a(lib_a-wcrtomb.o)
 .text          0x0013b0c0        0x0 /Users/spinal/devkitPro/devkitARM/bin/../lib/gcc/arm-none-eabi/4.9.2/../../../../arm-none-eabi/lib/armv6k/fpu/libg.a(lib_a-wcsrtombs.o)
 .text          0x0013b0c0        0x0 /Users/spinal/devkitPro/devkitARM/bin/../lib/gcc/arm-none-eabi/4.9.2/../../../../arm-none-eabi/lib/armv6k/fpu/libg.a(lib_a-wctomb_r.o)
 .text          0x0013b0c0        0x0 /Users/spinal/devkitPro/devkitARM/bin/../lib/gcc/arm-none-eabi/4.9.2/../../../../arm-none-eabi/lib/armv6k/fpu/libg.a(lib_a-wsetup.o)
 .text          0x0013b0c0        0x0 /Users/spinal/devkitPro/devkitARM/bin/../lib/gcc/arm-none-eabi/4.9.2/../../../../arm-none-eabi/lib/armv6k/fpu/libg.a(lib_a-ctype_.o)
 .text          0x0013b0c0        0x0 /Users/spinal/devkitPro/devkitARM/bin/../lib/gcc/arm-none-eabi/4.9.2/../../../../arm-none-eabi/lib/armv6k/fpu/libg.a(lib_a-dtoa.o)
 .text          0x0013b0c0        0x0 /Users/spinal/devkitPro/devkitARM/bin/../lib/gcc/arm-none-eabi/4.9.2/../../../../arm-none-eabi/lib/armv6k/fpu/libg.a(lib_a-flags.o)
 .text          0x0013b0c0        0x0 /Users/spinal/devkitPro/devkitARM/bin/../lib/gcc/arm-none-eabi/4.9.2/../../../../arm-none-eabi/lib/armv6k/fpu/libg.a(lib_a-fputwc.o)
 .text          0x0013b0c0        0x0 /Users/spinal/devkitPro/devkitARM/bin/../lib/gcc/arm-none-eabi/4.9.2/../../../../arm-none-eabi/lib/armv6k/fpu/libg.a(lib_a-iswspace.o)
 .text          0x0013b0c0        0x0 /Users/spinal/devkitPro/devkitARM/bin/../lib/gcc/arm-none-eabi/4.9.2/../../../../arm-none-eabi/lib/armv6k/fpu/libg.a(lib_a-jp2uc.o)
 .text          0x0013b0c0        0x0 /Users/spinal/devkitPro/devkitARM/bin/../lib/gcc/arm-none-eabi/4.9.2/../../../../arm-none-eabi/lib/armv6k/fpu/libg.a(lib_a-locale.o)
 .text          0x0013b0c0        0x0 /Users/spinal/devkitPro/devkitARM/bin/../lib/gcc/arm-none-eabi/4.9.2/../../../../arm-none-eabi/lib/armv6k/fpu/libg.a(lib_a-mbrtowc.o)
 .text          0x0013b0c0        0x0 /Users/spinal/devkitPro/devkitARM/bin/../lib/gcc/arm-none-eabi/4.9.2/../../../../arm-none-eabi/lib/armv6k/fpu/libg.a(lib_a-mbtowc_r.o)
 .text          0x0013b0c0        0x0 /Users/spinal/devkitPro/devkitARM/bin/../lib/gcc/arm-none-eabi/4.9.2/../../../../arm-none-eabi/lib/armv6k/fpu/libg.a(lib_a-mprec.o)
 .text          0x0013b0c0        0x0 /Users/spinal/devkitPro/devkitARM/bin/../lib/gcc/arm-none-eabi/4.9.2/../../../../arm-none-eabi/lib/armv6k/fpu/libg.a(lib_a-s_fpclassify.o)
 .text          0x0013b0c0        0x0 /Users/spinal/devkitPro/devkitARM/bin/../lib/gcc/arm-none-eabi/4.9.2/../../../../arm-none-eabi/lib/armv6k/fpu/libg.a(lib_a-s_frexp.o)
 .text          0x0013b0c0        0x0 /Users/spinal/devkitPro/devkitARM/bin/../lib/gcc/arm-none-eabi/4.9.2/../../../../arm-none-eabi/lib/armv6k/fpu/libg.a(lib_a-sccl.o)
 .text          0x0013b0c0        0x0 /Users/spinal/devkitPro/devkitARM/bin/../lib/gcc/arm-none-eabi/4.9.2/../../../../arm-none-eabi/lib/armv6k/fpu/libg.a(lib_a-sf_nan.o)
 .text          0x0013b0c0        0x0 /Users/spinal/devkitPro/devkitARM/bin/../lib/gcc/arm-none-eabi/4.9.2/../../../../arm-none-eabi/lib/armv6k/fpu/libg.a(lib_a-stpncpy.o)
 .text          0x0013b0c0        0x0 /Users/spinal/devkitPro/devkitARM/bin/../lib/gcc/arm-none-eabi/4.9.2/../../../../arm-none-eabi/lib/armv6k/fpu/libg.a(lib_a-strcat.o)
 .text          0x0013b0c0        0x0 /Users/spinal/devkitPro/devkitARM/bin/../lib/gcc/arm-none-eabi/4.9.2/../../../../arm-none-eabi/lib/armv6k/fpu/libg.a(lib_a-strlcpy.o)
 .text          0x0013b0c0        0x0 /Users/spinal/devkitPro/devkitARM/bin/../lib/gcc/arm-none-eabi/4.9.2/../../../../arm-none-eabi/lib/armv6k/fpu/libg.a(lib_a-strncasecmp.o)
 .text          0x0013b0c0        0x0 /Users/spinal/devkitPro/devkitARM/bin/../lib/gcc/arm-none-eabi/4.9.2/../../../../arm-none-eabi/lib/armv6k/fpu/libg.a(lib_a-strtod.o)
 .text          0x0013b0c0        0x0 /Users/spinal/devkitPro/devkitARM/bin/../lib/gcc/arm-none-eabi/4.9.2/../../../../arm-none-eabi/lib/armv6k/fpu/libg.a(lib_a-strtoll_r.o)
 .text          0x0013b0c0        0x0 /Users/spinal/devkitPro/devkitARM/bin/../lib/gcc/arm-none-eabi/4.9.2/../../../../arm-none-eabi/lib/armv6k/fpu/libg.a(lib_a-strtoul.o)
 .text          0x0013b0c0        0x0 /Users/spinal/devkitPro/devkitARM/bin/../lib/gcc/arm-none-eabi/4.9.2/../../../../arm-none-eabi/lib/armv6k/fpu/libg.a(lib_a-strtoull_r.o)
 .text          0x0013b0c0        0x0 /Users/spinal/devkitPro/devkitARM/bin/../lib/gcc/arm-none-eabi/4.9.2/../../../../arm-none-eabi/lib/armv6k/fpu/libg.a(lib_a-svfiprintf.o)
 .text          0x0013b0c0        0x0 /Users/spinal/devkitPro/devkitARM/bin/../lib/gcc/arm-none-eabi/4.9.2/../../../../arm-none-eabi/lib/armv6k/fpu/libg.a(lib_a-svfiscanf.o)
 .text          0x0013b0c0        0x0 /Users/spinal/devkitPro/devkitARM/bin/../lib/gcc/arm-none-eabi/4.9.2/../../../../arm-none-eabi/lib/armv6k/fpu/libg.a(lib_a-ungetc.o)
 .text          0x0013b0c0        0x0 /Users/spinal/devkitPro/devkitARM/bin/../lib/gcc/arm-none-eabi/4.9.2/../../../../arm-none-eabi/lib/armv6k/fpu/libg.a(lib_a-wcsnrtombs.o)
 .text          0x0013b0c0        0x0 /Users/spinal/devkitPro/devkitARM/bin/../lib/gcc/arm-none-eabi/4.9.2/../../../../arm-none-eabi/lib/armv6k/fpu/libg.a(lib_a-callocr.o)
 .text          0x0013b0c0        0x0 /Users/spinal/devkitPro/devkitARM/bin/../lib/gcc/arm-none-eabi/4.9.2/../../../../arm-none-eabi/lib/armv6k/fpu/libg.a(lib_a-gdtoa-gethex.o)
 .text          0x0013b0c0        0x0 /Users/spinal/devkitPro/devkitARM/bin/../lib/gcc/arm-none-eabi/4.9.2/../../../../arm-none-eabi/lib/armv6k/fpu/libg.a(lib_a-gdtoa-hexnan.o)
 .text          0x0013b0c0        0x0 /Users/spinal/devkitPro/devkitARM/bin/../lib/gcc/arm-none-eabi/4.9.2/../../../../arm-none-eabi/lib/armv6k/fpu/libg.a(lib_a-getenv_r.o)
 .text          0x0013b0c0        0x0 /Users/spinal/devkitPro/devkitARM/bin/../lib/gcc/arm-none-eabi/4.9.2/../../../../arm-none-eabi/lib/armv6k/fpu/libg.a(lib_a-environ.o)
 .text          0x0013b0c0        0x0 /Users/spinal/devkitPro/devkitARM/bin/../lib/gcc/arm-none-eabi/4.9.2/../../../../arm-none-eabi/lib/armv6k/fpu/libg.a(lib_a-envlock.o)
 .text          0x0013b0c0      0x1a8 /Users/spinal/devkitPro/devkitARM/bin/../lib/gcc/arm-none-eabi/4.9.2/../../../../arm-none-eabi/lib/armv6k/fpu/libsysbase.a(iosupport.o)
                0x0013b0c0                setDefaultDevice
                0x0013b0d8                FindDevice
                0x0013b184                RemoveDevice
                0x0013b1b0                AddDevice
                0x0013b244                GetDeviceOpTab
 .text          0x0013b268       0x7c /Users/spinal/devkitPro/devkitARM/bin/../lib/gcc/arm-none-eabi/4.9.2/../../../../arm-none-eabi/lib/armv6k/fpu/libsysbase.a(close.o)
                0x0013b268                _close_r
 .text          0x0013b2e4       0x6c /Users/spinal/devkitPro/devkitARM/bin/../lib/gcc/arm-none-eabi/4.9.2/../../../../arm-none-eabi/lib/armv6k/fpu/libsysbase.a(fstat.o)
                0x0013b2e4                _fstat_r
 .text          0x0013b350       0x10 /Users/spinal/devkitPro/devkitARM/bin/../lib/gcc/arm-none-eabi/4.9.2/../../../../arm-none-eabi/lib/armv6k/fpu/libsysbase.a(getpid.o)
                0x0013b350                _getpid_r
 .text          0x0013b360        0x8 /Users/spinal/devkitPro/devkitARM/bin/../lib/gcc/arm-none-eabi/4.9.2/../../../../arm-none-eabi/lib/armv6k/fpu/libsysbase.a(isatty.o)
                0x0013b360                _isatty_r
 .text          0x0013b368       0x10 /Users/spinal/devkitPro/devkitARM/bin/../lib/gcc/arm-none-eabi/4.9.2/../../../../arm-none-eabi/lib/armv6k/fpu/libsysbase.a(kill.o)
                0x0013b368                _kill_r
 .text          0x0013b378       0x74 /Users/spinal/devkitPro/devkitARM/bin/../lib/gcc/arm-none-eabi/4.9.2/../../../../arm-none-eabi/lib/armv6k/fpu/libsysbase.a(lseek.o)
                0x0013b378                _lseek_r
 .text          0x0013b3ec       0xc8 /Users/spinal/devkitPro/devkitARM/bin/../lib/gcc/arm-none-eabi/4.9.2/../../../../arm-none-eabi/lib/armv6k/fpu/libsysbase.a(open.o)
                0x0013b3ec                _open_r
 .text          0x0013b4b4       0x74 /Users/spinal/devkitPro/devkitARM/bin/../lib/gcc/arm-none-eabi/4.9.2/../../../../arm-none-eabi/lib/armv6k/fpu/libsysbase.a(read.o)
                0x0013b4b4                _read_r
 .text          0x0013b528       0x70 /Users/spinal/devkitPro/devkitARM/bin/../lib/gcc/arm-none-eabi/4.9.2/../../../../arm-none-eabi/lib/armv6k/fpu/libsysbase.a(sbrk.o)
                0x0013b528                _sbrk_r
 .text          0x0013b598       0x6c /Users/spinal/devkitPro/devkitARM/bin/../lib/gcc/arm-none-eabi/4.9.2/../../../../arm-none-eabi/lib/armv6k/fpu/libsysbase.a(stat.o)
                0x0013b598                _stat_r
 .text          0x0013b604       0x5c /Users/spinal/devkitPro/devkitARM/bin/../lib/gcc/arm-none-eabi/4.9.2/../../../../arm-none-eabi/lib/armv6k/fpu/libsysbase.a(unlink.o)
                0x0013b604                _unlink_r
 .text          0x0013b660       0x74 /Users/spinal/devkitPro/devkitARM/bin/../lib/gcc/arm-none-eabi/4.9.2/../../../../arm-none-eabi/lib/armv6k/fpu/libsysbase.a(write.o)
                0x0013b660                _write_r
 .text          0x0013b6d4       0x20 /Users/spinal/devkitPro/devkitARM/bin/../lib/gcc/arm-none-eabi/4.9.2/../../../../arm-none-eabi/lib/armv6k/fpu/libsysbase.a(_exit.o)
                0x0013b6d4                _exit
 .text          0x0013b6f4        0x0 /Users/spinal/devkitPro/devkitARM/bin/../lib/gcc/arm-none-eabi/4.9.2/../../../../arm-none-eabi/lib/armv6k/fpu/libsysbase.a(malloc_vars.o)
 .text          0x0013b6f4      0x3a4 /Users/spinal/devkitPro/devkitARM/bin/../lib/gcc/arm-none-eabi/4.9.2/../../../../arm-none-eabi/lib/armv6k/fpu/libsysbase.a(chdir.o)
                0x0013b6f4                _concatenate_path
                0x0013b8b0                chdir
                0x0013b9f8                getcwd
 .text          0x0013ba98        0x8 /Users/spinal/devkitPro/devkitARM/bin/../lib/gcc/arm-none-eabi/4.9.2/../../../../arm-none-eabi/lib/armv6k/fpu/libsysbase.a(flock.o)
                0x0013ba98                __flockfile
                0x0013ba9c                __funlockfile
 .text          0x0013baa0      0x108 /Users/spinal/devkitPro/devkitARM/bin/../lib/gcc/arm-none-eabi/4.9.2/../../../../arm-none-eabi/lib/armv6k/fpu/libsysbase.a(syscall_support.o)
                0x0013baa0                __libc_lock_init
                0x0013bab8                __libc_lock_acquire
                0x0013bad0                __libc_lock_try_acquire
                0x0013baf4                __libc_lock_release
                0x0013bb0c                __libc_lock_close
                0x0013bb24                __libc_lock_init_recursive
                0x0013bb3c                __libc_lock_acquire_recursive
                0x0013bb54                __libc_lock_try_acquire_recursive
                0x0013bb78                __libc_lock_release_recursive
                0x0013bb90                __libc_lock_close_recursive
 .text          0x0013bba8      0x254 /Users/spinal/devkitPro/devkitARM/bin/../lib/gcc/arm-none-eabi/4.9.2/../../../../arm-none-eabi/lib/armv6k/fpu/libsysbase.a(handle_manager.o)
                0x0013bba8                __free_handle
                0x0013bbec                __release_handle
                0x0013bc18                __alloc_handle
                0x0013bc80                __get_handle
                0x0013bc9c                dup
                0x0013bd28                dup2
 .text          0x0013bdfc      0x494 /Users/spinal/devkitPro/devkitARM/bin/../lib/gcc/arm-none-eabi/4.9.2/../../../../arm-none-eabi/lib/armv6k/fpu/libsysbase.a(dirent.o)
                0x0013bea4                opendir
                0x0013bf94                closedir
                0x0013c020                readdir
                0x0013c100                readdir_r
                0x0013c1cc                rewinddir
                0x0013c1f0                seekdir
                0x0013c280                telldir
 .text          0x0013c290       0x28 /Users/spinal/devkitPro/devkitARM/bin/../lib/gcc/arm-none-eabi/4.9.2/../../../../arm-none-eabi/lib/armv6k/fpu/libsysbase.a(getreent.o)
                0x0013c290                __getreent
 .text          0x0013c2b8      0x240 /Users/spinal/devkitPro/devkitARM/bin/../lib/gcc/arm-none-eabi/4.9.2/armv6k/fpu/libgcc.a(_divsi3.o)
                0x0013c2b8                __aeabi_idiv
                0x0013c2b8                __divsi3
                0x0013c4d8                __aeabi_idivmod
 .text          0x0013c4f8       0x3c /Users/spinal/devkitPro/devkitARM/bin/../lib/gcc/arm-none-eabi/4.9.2/armv6k/fpu/libgcc.a(_aeabi_uldivmod.o)
                0x0013c4f8                __aeabi_uldivmod
 .text          0x0013c534       0x78 /Users/spinal/devkitPro/devkitARM/bin/../lib/gcc/arm-none-eabi/4.9.2/armv6k/fpu/libgcc.a(bpabi.o)
                0x0013c534                __gnu_ldivmod_helper
                0x0013c570                __gnu_uldivmod_helper
 .text          0x0013c5ac      0x180 /Users/spinal/devkitPro/devkitARM/bin/../lib/gcc/arm-none-eabi/4.9.2/armv6k/fpu/libgcc.a(_divdi3.o)
                0x0013c5ac                __divdi3
 .text          0x0013c72c      0x124 /Users/spinal/devkitPro/devkitARM/bin/../lib/gcc/arm-none-eabi/4.9.2/armv6k/fpu/libgcc.a(_udivdi3.o)
                0x0013c72c                __udivdi3
 .text          0x0013c850        0x0 /Users/spinal/devkitPro/devkitARM/bin/../lib/gcc/arm-none-eabi/4.9.2/../../../../arm-none-eabi/lib/armv6k/fpu/libg.a(lib_a-errno.o)
 .text          0x0013c850        0x0 /Users/spinal/devkitPro/devkitARM/bin/../lib/gcc/arm-none-eabi/4.9.2/../../../../arm-none-eabi/lib/armv6k/fpu/libg.a(lib_a-strnlen.o)
 .text          0x0013c850        0x0 /Users/spinal/devkitPro/devkitARM/bin/../lib/gcc/arm-none-eabi/4.9.2/../../../../arm-none-eabi/lib/armv6k/fpu/libg.a(lib_a-strrchr.o)
 .text          0x0013c850        0x0 /Users/spinal/devkitPro/devkitARM/bin/../lib/gcc/arm-none-eabi/4.9.2/armv6k/fpu/crtend.o
 .text          0x0013c850        0x0 /Users/spinal/devkitPro/devkitARM/bin/../lib/gcc/arm-none-eabi/4.9.2/armv6k/fpu/crtn.o
 *(.text.*)
 .text._ZNSt6vectorI13c64_dir_entrySaIS0_EE19_M_emplace_back_auxIIS0_EEEvDpOT_
                0x0013c850      0x158 1541d64.o
                0x0013c850                void std::vector<c64_dir_entry, std::allocator<c64_dir_entry> >::_M_emplace_back_aux<c64_dir_entry>(c64_dir_entry&&)
                0x0013c850                void std::vector<c64_dir_entry, std::allocator<c64_dir_entry> >::_M_emplace_back_aux<c64_dir_entry>(c64_dir_entry&&)
 .text._ZN7MOS651012read_byte_ioEt
                0x0013c9a8      0x21c CPUC64.o
                0x0013c9a8                MOS6510::read_byte_io(unsigned short)
 .text.startup  0x0013cbc4       0x20 Prefs.o
 .text.startup  0x0013cbe4       0x78 main.o
                0x0013cbe4                main
 .text._ZdlPv   0x0013cc5c        0x4 /Users/spinal/devkitPro/devkitARM/bin/../lib/gcc/arm-none-eabi/4.9.2/../../../../arm-none-eabi/lib/armv6k/fpu/libstdc++.a(del_op.o)
                0x0013cc5c                operator delete(void*)
 .text._ZdaPv   0x0013cc60        0x4 /Users/spinal/devkitPro/devkitARM/bin/../lib/gcc/arm-none-eabi/4.9.2/../../../../arm-none-eabi/lib/armv6k/fpu/libstdc++.a(del_opv.o)
                0x0013cc60                operator delete[](void*)
 .text.__cxa_guard_acquire
                0x0013cc64       0x5c /Users/spinal/devkitPro/devkitARM/bin/../lib/gcc/arm-none-eabi/4.9.2/../../../../arm-none-eabi/lib/armv6k/fpu/libstdc++.a(guard.o)
                0x0013cc64                __cxa_guard_acquire
 .text.__cxa_guard_abort
                0x0013ccc0        0xc /Users/spinal/devkitPro/devkitARM/bin/../lib/gcc/arm-none-eabi/4.9.2/../../../../arm-none-eabi/lib/armv6k/fpu/libstdc++.a(guard.o)
                0x0013ccc0                __cxa_guard_abort
 .text.__cxa_guard_release
                0x0013cccc        0xc /Users/spinal/devkitPro/devkitARM/bin/../lib/gcc/arm-none-eabi/4.9.2/../../../../arm-none-eabi/lib/armv6k/fpu/libstdc++.a(guard.o)
                0x0013cccc                __cxa_guard_release
 .text._ZN9__gnu_cxx20recursive_init_errorD2Ev
                0x0013ccd8       0x20 /Users/spinal/devkitPro/devkitARM/bin/../lib/gcc/arm-none-eabi/4.9.2/../../../../arm-none-eabi/lib/armv6k/fpu/libstdc++.a(guard_error.o)
                0x0013ccd8                __gnu_cxx::recursive_init_error::~recursive_init_error()
                0x0013ccd8                __gnu_cxx::recursive_init_error::~recursive_init_error()
 .text._ZN9__gnu_cxx20recursive_init_errorD0Ev
                0x0013ccf8       0x28 /Users/spinal/devkitPro/devkitARM/bin/../lib/gcc/arm-none-eabi/4.9.2/../../../../arm-none-eabi/lib/armv6k/fpu/libstdc++.a(guard_error.o)
                0x0013ccf8                __gnu_cxx::recursive_init_error::~recursive_init_error()
 .text._Znwj    0x0013cd20       0x6c /Users/spinal/devkitPro/devkitARM/bin/../lib/gcc/arm-none-eabi/4.9.2/../../../../arm-none-eabi/lib/armv6k/fpu/libstdc++.a(new_op.o)
                0x0013cd20                operator new(unsigned int)
 .text._Znaj    0x0013cd8c       0x1c /Users/spinal/devkitPro/devkitARM/bin/../lib/gcc/arm-none-eabi/4.9.2/../../../../arm-none-eabi/lib/armv6k/fpu/libstdc++.a(new_opv.o)
                0x0013cd8c                operator new[](unsigned int)
 .text.__cxa_pure_virtual
                0x0013cda8       0x1c /Users/spinal/devkitPro/devkitARM/bin/../lib/gcc/arm-none-eabi/4.9.2/../../../../arm-none-eabi/lib/armv6k/fpu/libstdc++.a(pure.o)
                0x0013cda8                __cxa_pure_virtual
 .text.__cxa_deleted_virtual
                0x0013cdc4       0x1c /Users/spinal/devkitPro/devkitARM/bin/../lib/gcc/arm-none-eabi/4.9.2/../../../../arm-none-eabi/lib/armv6k/fpu/libstdc++.a(pure.o)
                0x0013cdc4                __cxa_deleted_virtual
 .text._ZN10__cxxabiv120__si_class_type_infoD2Ev
                0x0013cde0       0x20 /Users/spinal/devkitPro/devkitARM/bin/../lib/gcc/arm-none-eabi/4.9.2/../../../../arm-none-eabi/lib/armv6k/fpu/libstdc++.a(si_class_type_info.o)
                0x0013cde0                __cxxabiv1::__si_class_type_info::~__si_class_type_info()
                0x0013cde0                __cxxabiv1::__si_class_type_info::~__si_class_type_info()
 .text._ZN10__cxxabiv120__si_class_type_infoD0Ev
                0x0013ce00       0x28 /Users/spinal/devkitPro/devkitARM/bin/../lib/gcc/arm-none-eabi/4.9.2/../../../../arm-none-eabi/lib/armv6k/fpu/libstdc++.a(si_class_type_info.o)
                0x0013ce00                __cxxabiv1::__si_class_type_info::~__si_class_type_info()
 .text._ZNK10__cxxabiv120__si_class_type_info20__do_find_public_srcEiPKvPKNS_17__class_type_infoES2_
                0x0013ce28       0x68 /Users/spinal/devkitPro/devkitARM/bin/../lib/gcc/arm-none-eabi/4.9.2/../../../../arm-none-eabi/lib/armv6k/fpu/libstdc++.a(si_class_type_info.o)
                0x0013ce28                __cxxabiv1::__si_class_type_info::__do_find_public_src(int, void const*, __cxxabiv1::__class_type_info const*, void const*) const
 .text._ZNK10__cxxabiv120__si_class_type_info12__do_dyncastEiNS_17__class_type_info10__sub_kindEPKS1_PKvS4_S6_RNS1_16__dyncast_resultE
                0x0013ce90       0xd8 /Users/spinal/devkitPro/devkitARM/bin/../lib/gcc/arm-none-eabi/4.9.2/../../../../arm-none-eabi/lib/armv6k/fpu/libstdc++.a(si_class_type_info.o)
                0x0013ce90                __cxxabiv1::__si_class_type_info::__do_dyncast(int, __cxxabiv1::__class_type_info::__sub_kind, __cxxabiv1::__class_type_info const*, void const*, __cxxabiv1::__class_type_info const*, void const*, __cxxabiv1::__class_type_info::__dyncast_result&) const
 .text._ZNK10__cxxabiv120__si_class_type_info11__do_upcastEPKNS_17__class_type_infoEPKvRNS1_15__upcast_resultE
                0x0013cf68       0x40 /Users/spinal/devkitPro/devkitARM/bin/../lib/gcc/arm-none-eabi/4.9.2/../../../../arm-none-eabi/lib/armv6k/fpu/libstdc++.a(si_class_type_info.o)
                0x0013cf68                __cxxabiv1::__si_class_type_info::__do_upcast(__cxxabiv1::__class_type_info const*, void const*, __cxxabiv1::__class_type_info::__upcast_result&) const
 .text._ZNSt9type_infoD2Ev
                0x0013cfa8        0x4 /Users/spinal/devkitPro/devkitARM/bin/../lib/gcc/arm-none-eabi/4.9.2/../../../../arm-none-eabi/lib/armv6k/fpu/libstdc++.a(tinfo.o)
                0x0013cfa8                std::type_info::~type_info()
                0x0013cfa8                std::type_info::~type_info()
 .text._ZNKSt9type_info14__is_pointer_pEv
                0x0013cfac        0x8 /Users/spinal/devkitPro/devkitARM/bin/../lib/gcc/arm-none-eabi/4.9.2/../../../../arm-none-eabi/lib/armv6k/fpu/libstdc++.a(tinfo.o)
                0x0013cfac                std::type_info::__is_pointer_p() const
 .text._ZNKSt9type_info15__is_function_pEv
                0x0013cfb4        0x8 /Users/spinal/devkitPro/devkitARM/bin/../lib/gcc/arm-none-eabi/4.9.2/../../../../arm-none-eabi/lib/armv6k/fpu/libstdc++.a(tinfo.o)
                0x0013cfb4                std::type_info::__is_function_p() const
 .text._ZNKSt9type_info11__do_upcastEPKN10__cxxabiv117__class_type_infoEPPv
                0x0013cfbc        0x8 /Users/spinal/devkitPro/devkitARM/bin/../lib/gcc/arm-none-eabi/4.9.2/../../../../arm-none-eabi/lib/armv6k/fpu/libstdc++.a(tinfo.o)
                0x0013cfbc                std::type_info::__do_upcast(__cxxabiv1::__class_type_info const*, void**) const
 .text._ZNSt9type_infoD0Ev
                0x0013cfc4       0x14 /Users/spinal/devkitPro/devkitARM/bin/../lib/gcc/arm-none-eabi/4.9.2/../../../../arm-none-eabi/lib/armv6k/fpu/libstdc++.a(tinfo.o)
                0x0013cfc4                std::type_info::~type_info()
 .text._ZNKSt9type_infoeqERKS_
                0x0013cfd8       0x4c /Users/spinal/devkitPro/devkitARM/bin/../lib/gcc/arm-none-eabi/4.9.2/../../../../arm-none-eabi/lib/armv6k/fpu/libstdc++.a(tinfo.o)
                0x0013cfd8                std::type_info::operator==(std::type_info const&) const
 .text._ZNKSt9type_info10__do_catchEPKS_PPvj
                0x0013d024        0x4 /Users/spinal/devkitPro/devkitARM/bin/../lib/gcc/arm-none-eabi/4.9.2/../../../../arm-none-eabi/lib/armv6k/fpu/libstdc++.a(tinfo.o)
                0x0013d024                std::type_info::__do_catch(std::type_info const*, void**, unsigned int) const
 .text._ZNKSt9bad_alloc4whatEv
                0x0013d028        0xc /Users/spinal/devkitPro/devkitARM/bin/../lib/gcc/arm-none-eabi/4.9.2/../../../../arm-none-eabi/lib/armv6k/fpu/libstdc++.a(bad_alloc.o)
                0x0013d028                std::bad_alloc::what() const
 .text._ZNSt9bad_allocD2Ev
                0x0013d034       0x20 /Users/spinal/devkitPro/devkitARM/bin/../lib/gcc/arm-none-eabi/4.9.2/../../../../arm-none-eabi/lib/armv6k/fpu/libstdc++.a(bad_alloc.o)
                0x0013d034                std::bad_alloc::~bad_alloc()
                0x0013d034                std::bad_alloc::~bad_alloc()
 .text._ZNSt9bad_allocD0Ev
                0x0013d054       0x28 /Users/spinal/devkitPro/devkitARM/bin/../lib/gcc/arm-none-eabi/4.9.2/../../../../arm-none-eabi/lib/armv6k/fpu/libstdc++.a(bad_alloc.o)
                0x0013d054                std::bad_alloc::~bad_alloc()
 .text._ZNK10__cxxabiv117__class_type_info11__do_upcastEPKS0_PPv
                0x0013d07c       0x5c /Users/spinal/devkitPro/devkitARM/bin/../lib/gcc/arm-none-eabi/4.9.2/../../../../arm-none-eabi/lib/armv6k/fpu/libstdc++.a(class_type_info.o)
                0x0013d07c                __cxxabiv1::__class_type_info::__do_upcast(__cxxabiv1::__class_type_info const*, void**) const
 .text._ZNK10__cxxabiv117__class_type_info20__do_find_public_srcEiPKvPKS0_S2_
                0x0013d0d8       0x14 /Users/spinal/devkitPro/devkitARM/bin/../lib/gcc/arm-none-eabi/4.9.2/../../../../arm-none-eabi/lib/armv6k/fpu/libstdc++.a(class_type_info.o)
                0x0013d0d8                __cxxabiv1::__class_type_info::__do_find_public_src(int, void const*, __cxxabiv1::__class_type_info const*, void const*) const
 .text._ZN10__cxxabiv117__class_type_infoD2Ev
                0x0013d0ec       0x20 /Users/spinal/devkitPro/devkitARM/bin/../lib/gcc/arm-none-eabi/4.9.2/../../../../arm-none-eabi/lib/armv6k/fpu/libstdc++.a(class_type_info.o)
                0x0013d0ec                __cxxabiv1::__class_type_info::~__class_type_info()
                0x0013d0ec                __cxxabiv1::__class_type_info::~__class_type_info()
 .text._ZN10__cxxabiv117__class_type_infoD0Ev
                0x0013d10c       0x28 /Users/spinal/devkitPro/devkitARM/bin/../lib/gcc/arm-none-eabi/4.9.2/../../../../arm-none-eabi/lib/armv6k/fpu/libstdc++.a(class_type_info.o)
                0x0013d10c                __cxxabiv1::__class_type_info::~__class_type_info()
 .text._ZNK10__cxxabiv117__class_type_info11__do_upcastEPKS0_PKvRNS0_15__upcast_resultE